###############################################################################
#
# IAR ELF Linker V9.10.1.308/W64 for ARM                  07/Nov/2021  14:32:14
# Copyright 2007-2021 IAR Systems AB.
#
#    Output file  =
#        D:\GitHub\STM32_HAL_RNDIS\EWARM\ITAT_RNDIS\Exe\ITAT_RNDIS.out
#    Map file     =
#        D:\GitHub\STM32_HAL_RNDIS\EWARM\ITAT_RNDIS\List\ITAT_RNDIS.map
#    Command line =
#        -f D:\GitHub\STM32_HAL_RNDIS\EWARM\ITAT_RNDIS\Exe\ITAT_RNDIS.out.rsp
#        (D:\GitHub\STM32_HAL_RNDIS\EWARM\ITAT_RNDIS\Obj\Middlewares\FreeRTOS_TCP\BufferAllocation_2.o
#        D:\GitHub\STM32_HAL_RNDIS\EWARM\ITAT_RNDIS\Obj\Middlewares\FreeRTOS\cmsis_os2.o
#        D:\GitHub\STM32_HAL_RNDIS\EWARM\ITAT_RNDIS\Obj\Application\User\Core\crc32.o
#        D:\GitHub\STM32_HAL_RNDIS\EWARM\ITAT_RNDIS\Obj\Middlewares\FreeRTOS\croutine.o
#        D:\GitHub\STM32_HAL_RNDIS\EWARM\ITAT_RNDIS\Obj\Application\User\Core\dhcpserver.o
#        D:\GitHub\STM32_HAL_RNDIS\EWARM\ITAT_RNDIS\Obj\Application\User\Core\dnsserver.o
#        D:\GitHub\STM32_HAL_RNDIS\EWARM\ITAT_RNDIS\Obj\Middlewares\FreeRTOS\event_groups.o
#        D:\GitHub\STM32_HAL_RNDIS\EWARM\ITAT_RNDIS\Obj\Application\User\Core\freertos.o
#        D:\GitHub\STM32_HAL_RNDIS\EWARM\ITAT_RNDIS\Obj\Middlewares\FreeRTOS_TCP\FreeRTOS_ARP.o
#        D:\GitHub\STM32_HAL_RNDIS\EWARM\ITAT_RNDIS\Obj\Middlewares\FreeRTOS_TCP\FreeRTOS_DHCP.o
#        D:\GitHub\STM32_HAL_RNDIS\EWARM\ITAT_RNDIS\Obj\Middlewares\FreeRTOS_TCP\FreeRTOS_DNS.o
#        D:\GitHub\STM32_HAL_RNDIS\EWARM\ITAT_RNDIS\Obj\Middlewares\FreeRTOS_TCP\FreeRTOS_IP.o
#        D:\GitHub\STM32_HAL_RNDIS\EWARM\ITAT_RNDIS\Obj\Middlewares\FreeRTOS_TCP\FreeRTOS_Sockets.o
#        D:\GitHub\STM32_HAL_RNDIS\EWARM\ITAT_RNDIS\Obj\Middlewares\FreeRTOS_TCP\FreeRTOS_Stream_Buffer.o
#        D:\GitHub\STM32_HAL_RNDIS\EWARM\ITAT_RNDIS\Obj\Middlewares\FreeRTOS_TCP\FreeRTOS_TCP_IP.o
#        D:\GitHub\STM32_HAL_RNDIS\EWARM\ITAT_RNDIS\Obj\Middlewares\FreeRTOS_TCP\FreeRTOS_TCP_WIN.o
#        D:\GitHub\STM32_HAL_RNDIS\EWARM\ITAT_RNDIS\Obj\Middlewares\FreeRTOS_TCP\FreeRTOS_UDP_IP.o
#        D:\GitHub\STM32_HAL_RNDIS\EWARM\ITAT_RNDIS\Obj\Middlewares\FreeRTOS\heap_4.o
#        D:\GitHub\STM32_HAL_RNDIS\EWARM\ITAT_RNDIS\Obj\Application\User\Core\led.o
#        D:\GitHub\STM32_HAL_RNDIS\EWARM\ITAT_RNDIS\Obj\Middlewares\FreeRTOS\list.o
#        D:\GitHub\STM32_HAL_RNDIS\EWARM\ITAT_RNDIS\Obj\Application\User\Core\main.o
#        D:\GitHub\STM32_HAL_RNDIS\EWARM\ITAT_RNDIS\Obj\Application\User\Core\monitor.o
#        D:\GitHub\STM32_HAL_RNDIS\EWARM\ITAT_RNDIS\Obj\Middlewares\FreeRTOS_TCP\NetworkInterface.o
#        D:\GitHub\STM32_HAL_RNDIS\EWARM\ITAT_RNDIS\Obj\Middlewares\FreeRTOS\port.o
#        D:\GitHub\STM32_HAL_RNDIS\EWARM\ITAT_RNDIS\Obj\Middlewares\FreeRTOS\portasm.o
#        D:\GitHub\STM32_HAL_RNDIS\EWARM\ITAT_RNDIS\Obj\Middlewares\PRINTF\printf.o
#        D:\GitHub\STM32_HAL_RNDIS\EWARM\ITAT_RNDIS\Obj\Middlewares\FreeRTOS\queue.o
#        D:\GitHub\STM32_HAL_RNDIS\EWARM\ITAT_RNDIS\Obj\Application\User\Core\queuex.o
#        D:\GitHub\STM32_HAL_RNDIS\EWARM\ITAT_RNDIS\Obj\Application\EWARM\startup_stm32f411xe.o
#        D:\GitHub\STM32_HAL_RNDIS\EWARM\ITAT_RNDIS\Obj\Drivers\STM32F4xx_HAL_Driver\stm32f4xx_hal.o
#        D:\GitHub\STM32_HAL_RNDIS\EWARM\ITAT_RNDIS\Obj\Drivers\STM32F4xx_HAL_Driver\stm32f4xx_hal_adc.o
#        D:\GitHub\STM32_HAL_RNDIS\EWARM\ITAT_RNDIS\Obj\Drivers\STM32F4xx_HAL_Driver\stm32f4xx_hal_cortex.o
#        D:\GitHub\STM32_HAL_RNDIS\EWARM\ITAT_RNDIS\Obj\Drivers\STM32F4xx_HAL_Driver\stm32f4xx_hal_crc.o
#        D:\GitHub\STM32_HAL_RNDIS\EWARM\ITAT_RNDIS\Obj\Drivers\STM32F4xx_HAL_Driver\stm32f4xx_hal_dma.o
#        D:\GitHub\STM32_HAL_RNDIS\EWARM\ITAT_RNDIS\Obj\Drivers\STM32F4xx_HAL_Driver\stm32f4xx_hal_dma_ex.o
#        D:\GitHub\STM32_HAL_RNDIS\EWARM\ITAT_RNDIS\Obj\Drivers\STM32F4xx_HAL_Driver\stm32f4xx_hal_exti.o
#        D:\GitHub\STM32_HAL_RNDIS\EWARM\ITAT_RNDIS\Obj\Drivers\STM32F4xx_HAL_Driver\stm32f4xx_hal_flash.o
#        D:\GitHub\STM32_HAL_RNDIS\EWARM\ITAT_RNDIS\Obj\Drivers\STM32F4xx_HAL_Driver\stm32f4xx_hal_flash_ex.o
#        D:\GitHub\STM32_HAL_RNDIS\EWARM\ITAT_RNDIS\Obj\Drivers\STM32F4xx_HAL_Driver\stm32f4xx_hal_flash_ramfunc.o
#        D:\GitHub\STM32_HAL_RNDIS\EWARM\ITAT_RNDIS\Obj\Drivers\STM32F4xx_HAL_Driver\stm32f4xx_hal_gpio.o
#        D:\GitHub\STM32_HAL_RNDIS\EWARM\ITAT_RNDIS\Obj\Application\User\Core\stm32f4xx_hal_msp.o
#        D:\GitHub\STM32_HAL_RNDIS\EWARM\ITAT_RNDIS\Obj\Drivers\STM32F4xx_HAL_Driver\stm32f4xx_hal_pcd.o
#        D:\GitHub\STM32_HAL_RNDIS\EWARM\ITAT_RNDIS\Obj\Drivers\STM32F4xx_HAL_Driver\stm32f4xx_hal_pcd_ex.o
#        D:\GitHub\STM32_HAL_RNDIS\EWARM\ITAT_RNDIS\Obj\Drivers\STM32F4xx_HAL_Driver\stm32f4xx_hal_pwr.o
#        D:\GitHub\STM32_HAL_RNDIS\EWARM\ITAT_RNDIS\Obj\Drivers\STM32F4xx_HAL_Driver\stm32f4xx_hal_pwr_ex.o
#        D:\GitHub\STM32_HAL_RNDIS\EWARM\ITAT_RNDIS\Obj\Drivers\STM32F4xx_HAL_Driver\stm32f4xx_hal_rcc.o
#        D:\GitHub\STM32_HAL_RNDIS\EWARM\ITAT_RNDIS\Obj\Drivers\STM32F4xx_HAL_Driver\stm32f4xx_hal_rcc_ex.o
#        D:\GitHub\STM32_HAL_RNDIS\EWARM\ITAT_RNDIS\Obj\Drivers\STM32F4xx_HAL_Driver\stm32f4xx_hal_tim.o
#        D:\GitHub\STM32_HAL_RNDIS\EWARM\ITAT_RNDIS\Obj\Drivers\STM32F4xx_HAL_Driver\stm32f4xx_hal_tim_ex.o
#        D:\GitHub\STM32_HAL_RNDIS\EWARM\ITAT_RNDIS\Obj\Application\User\Core\stm32f4xx_hal_timebase_tim.o
#        D:\GitHub\STM32_HAL_RNDIS\EWARM\ITAT_RNDIS\Obj\Drivers\STM32F4xx_HAL_Driver\stm32f4xx_hal_uart.o
#        D:\GitHub\STM32_HAL_RNDIS\EWARM\ITAT_RNDIS\Obj\Drivers\STM32F4xx_HAL_Driver\stm32f4xx_hal_usart.o
#        D:\GitHub\STM32_HAL_RNDIS\EWARM\ITAT_RNDIS\Obj\Application\User\Core\stm32f4xx_it.o
#        D:\GitHub\STM32_HAL_RNDIS\EWARM\ITAT_RNDIS\Obj\Drivers\STM32F4xx_HAL_Driver\stm32f4xx_ll_usb.o
#        D:\GitHub\STM32_HAL_RNDIS\EWARM\ITAT_RNDIS\Obj\Middlewares\FreeRTOS\stream_buffer.o
#        D:\GitHub\STM32_HAL_RNDIS\EWARM\ITAT_RNDIS\Obj\Drivers\CMSIS\system_stm32f4xx.o
#        D:\GitHub\STM32_HAL_RNDIS\EWARM\ITAT_RNDIS\Obj\Middlewares\FreeRTOS\tasks.o
#        D:\GitHub\STM32_HAL_RNDIS\EWARM\ITAT_RNDIS\Obj\Application\User\Core\tcp.o
#        D:\GitHub\STM32_HAL_RNDIS\EWARM\ITAT_RNDIS\Obj\Middlewares\FreeRTOS\timers.o
#        D:\GitHub\STM32_HAL_RNDIS\EWARM\ITAT_RNDIS\Obj\Application\User\USB_DEVICE\App\usb_device.o
#        D:\GitHub\STM32_HAL_RNDIS\EWARM\ITAT_RNDIS\Obj\Application\User\USB_DEVICE\Target\usbd_conf.o
#        D:\GitHub\STM32_HAL_RNDIS\EWARM\ITAT_RNDIS\Obj\Middlewares\USB_Device_Library\usbd_core.o
#        D:\GitHub\STM32_HAL_RNDIS\EWARM\ITAT_RNDIS\Obj\Middlewares\USB_Device_Library\usbd_ctlreq.o
#        D:\GitHub\STM32_HAL_RNDIS\EWARM\ITAT_RNDIS\Obj\Application\User\USB_DEVICE\App\usbd_desc.o
#        D:\GitHub\STM32_HAL_RNDIS\EWARM\ITAT_RNDIS\Obj\Middlewares\USB_Device_Library\usbd_ioreq.o
#        D:\GitHub\STM32_HAL_RNDIS\EWARM\ITAT_RNDIS\Obj\Middlewares\RNDIS\usbd_rndis.o
#        D:\GitHub\STM32_HAL_RNDIS\EWARM\ITAT_RNDIS\Obj\Application\User\Core\webserver.o
#        --no_out_extension -o
#        D:\GitHub\STM32_HAL_RNDIS\EWARM\ITAT_RNDIS\Exe\ITAT_RNDIS.out
#        --redirect _Printf=_PrintfFullNoMb --redirect _Scanf=_ScanfFullNoMb
#        --map D:\GitHub\STM32_HAL_RNDIS\EWARM\ITAT_RNDIS\List\ITAT_RNDIS.map
#        --config D:\GitHub\STM32_HAL_RNDIS\EWARM/stm32f411xe_flash.icf
#        --semihosting --entry __iar_program_start --vfe --text_out locale)
#
###############################################################################

*******************************************************************************
*** RUNTIME MODEL ATTRIBUTES
***

CppFlavor       = *
__SystemLibrary = DLib
__dlib_version  = 6


*******************************************************************************
*** HEAP SELECTION
***

The basic heap was selected because no calls to memory allocation
functions were found in the application outside of system library
functions, and there are calls to deallocation functions in the
application.


*******************************************************************************
*** PLACEMENT SUMMARY
***

"A0":  place at address 0x800'0000 { ro section .intvec };
"P1":  place in [from 0x800'0000 to 0x805'ffff] { ro };
define block CSTACK with size = 1K, alignment = 8 { };
define block HEAP with size = 512, alignment = 8 { };
"P2":  place in [from 0x2000'0000 to 0x2001'ffff] {
          rw, block CSTACK, block HEAP };
initialize by copy { rw };

  Section            Kind         Address      Size  Object
  -------            ----         -------      ----  ------
"A0":                                         0x198
  .intvec            ro code   0x800'0000     0x198  startup_stm32f411xe.o [1]
                             - 0x800'0198     0x198

"P1":                                      0x1'2998
  .text              ro code   0x800'0198    0x1e70  FreeRTOS_TCP_IP.o [8]
  .text              ro code   0x800'2008    0x1280  tasks.o [7]
  .text              ro code   0x800'3288     0x1c8  BufferAllocation_2.o [8]
  .text              ro code   0x800'3450     0xe58  FreeRTOS_IP.o [8]
  .text              ro code   0x800'42a8      0xa6  ABImemcpy.o [14]
  .text              ro code   0x800'434e      0x22  NetworkInterface.o [8]
  .text              ro code   0x800'4370     0xb30  FreeRTOS_TCP_WIN.o [8]
  .text              ro code   0x800'4ea0     0x5b4  FreeRTOS_ARP.o [8]
  .text              ro code   0x800'5454     0x230  tcp.o [2]
  .text              ro code   0x800'5684      0x66  ABImemset.o [14]
  .text              ro code   0x800'56ea     0x222  FreeRTOS_Stream_Buffer.o [8]
  .text              ro code   0x800'590c    0x14f4  FreeRTOS_Sockets.o [8]
  .text              ro code   0x800'6e00     0x29c  heap_4.o [7]
  .text              ro code   0x800'709c      0x9a  list.o [7]
  .text              ro code   0x800'7136      0x76  lz77_init_single.o [14]
  .text              ro code   0x800'71ac     0x24c  port.o [7]
  .text              ro code   0x800'73f8      0x18  cmsis_os2.o [7]
  .text              ro code   0x800'7410     0x4ec  timers.o [7]
  .text              ro code   0x800'78fc     0x154  main.o [2]
  .text              ro code   0x800'7a50     0xa48  queue.o [7]
  .text              ro code   0x800'8498     0x1e2  FreeRTOS_UDP_IP.o [8]
  .rodata            const     0x800'867a       0x2  xlocale_c.o [12]
  .text              ro code   0x800'867c      0x68  memcmp.o [14]
  .text              ro code   0x800'86e4      0x96  ABImemmove.o [14]
  .text              ro code   0x800'877c     0x1a8  cmsis_os2.o [7]
  .text              ro code   0x800'8924     0x8b0  webserver.o [2]
  .text              ro code   0x800'91d4     0x674  dhcpserver.o [2]
  .text              ro code   0x800'9848     0x21c  dnsserver.o [2]
  .text              ro code   0x800'9a64     0x3bc  queuex.o [2]
  .text              ro code   0x800'9e20      0xac  rand.o [12]
  .text              ro code   0x800'9ecc     0x2f8  event_groups.o [7]
  .text              ro code   0x800'a1c4      0x38  port.o [7]
  CODE               ro code   0x800'a1fc      0xb0  portasm.o [7]
  .text              ro code   0x800'a2ac      0x18  cmsis_os2.o [7]
  .text              ro code   0x800'a2c4      0x40  stm32f4xx_hal.o [6]
  .text              ro code   0x800'a304     0x1e4  monitor.o [2]
  .text              ro code   0x800'a4e8     0x168  led.o [2]
  .text              ro code   0x800'a650     0x138  usb_device.o [3]
  .text              ro code   0x800'a788     0x41c  stm32f4xx_hal_rcc.o [6]
  .text              ro code   0x800'aba4     0x1c0  stm32f4xx_hal_rcc.o [6]
  .text              ro code   0x800'ad64      0x18  stm32f4xx_hal.o [6]
  .text              ro code   0x800'ad7c      0x28  strncmp.o [12]
  .text              ro code   0x800'ada4      0x58  memchr.o [14]
  .text              ro code   0x800'adfc      0x90  iar_Stolx.o [12]
  .text              ro code   0x800'ae8c       0x6  ABImemclr4.o [14]
  .text              ro code   0x800'ae94    0x1134  printf.o [9]
  .text              ro code   0x800'bfc8      0x48  FltToDbl.o [13]
  .text              ro code   0x800'c010      0x36  strlen.o [14]
  .text              ro code   0x800'c048     0x114  stm32f4xx_hal_cortex.o [6]
  .text              ro code   0x800'c15c      0x9c  stm32f4xx_hal_timebase_tim.o [2]
  .text              ro code   0x800'c1f8      0x50  stm32f4xx_hal_msp.o [2]
  .text              ro code   0x800'c248      0x14  memset.o [14]
  .text              ro code   0x800'c25c     0x558  stm32f4xx_hal_adc.o [6]
  .text              ro code   0x800'c7b4     0x268  stm32f4xx_hal_gpio.o [6]
  .text              ro code   0x800'ca1c     0x6c4  stm32f4xx_hal_tim.o [6]
  .text              ro code   0x800'd0e0     0x446  usbd_core.o [11]
  .text              ro code   0x800'd528     0x7a0  usbd_rndis.o [10]
  .text              ro code   0x800'dcc8       0xc  stm32f4xx_hal.o [6]
  .text              ro code   0x800'dcd4      0x94  stm32f4xx_hal_rcc.o [6]
  .text              ro code   0x800'dd68      0x14  isspace.o [12]
  .text              ro code   0x800'dd7c     0x140  iar_Stoulx.o [12]
  .text              ro code   0x800'debc      0x32  ABImemset48.o [14]
  .text              ro code   0x800'def0     0x230  I64DivMod.o [14]
  .text              ro code   0x800'e120      0x20  DblCmpEq.o [13]
  .text              ro code   0x800'e140      0x34  DblCmpLe.o [13]
  .text              ro code   0x800'e174      0x34  DblCmpGe.o [13]
  .text              ro code   0x800'e1a8      0x36  DblToS32.o [13]
  .text              ro code   0x800'e1e0      0x22  S32ToDbl.o [13]
  .text              ro code   0x800'e204     0x25e  DblAddSub.o [13]
  .text              ro code   0x800'e464     0x1aa  DblMul.o [13]
  .text              ro code   0x800'e610      0x22  DblToU32.o [13]
  .text              ro code   0x800'e634      0x1c  U32ToDbl.o [13]
  .text              ro code   0x800'e650     0x246  DblDiv.o [13]
  .text              ro code   0x800'e896       0x2  stm32f4xx_hal_adc.o [6]
  .text              ro code   0x800'e898       0x2  stm32f4xx_hal_tim.o [6]
  .text              ro code   0x800'e89a       0x2  stm32f4xx_hal_tim.o [6]
  .text              ro code   0x800'e89c       0x2  stm32f4xx_hal_tim.o [6]
  .text              ro code   0x800'e89e       0x2  stm32f4xx_hal_tim.o [6]
  .text              ro code   0x800'e8a0       0x2  stm32f4xx_hal_tim_ex.o [6]
  .text              ro code   0x800'e8a2       0x2  stm32f4xx_hal_tim.o [6]
  .text              ro code   0x800'e8a4       0x2  stm32f4xx_hal_tim_ex.o [6]
  .text              ro code   0x800'e8a8     0x438  usbd_conf.o [4]
  .text              ro code   0x800'ece0     0x8c0  usbd_ctlreq.o [11]
  .text              ro code   0x800'f5a0      0xac  usbd_ioreq.o [11]
  .text              ro code   0x800'f64c      0x34  xlocale_c.o [12]
  .text              ro code   0x800'f680      0x14  tolower.o [12]
  .text              ro code   0x800'f694       0x2  I64DivZer.o [14]
  .text              ro code   0x800'f698     0xd20  stm32f4xx_hal_pcd.o [6]
  .text              ro code   0x801'03b8      0x78  stm32f4xx_hal_pcd_ex.o [6]
  .text              ro code   0x801'0430     0xfc4  stm32f4xx_ll_usb.o [6]
  .text              ro code   0x801'13f4       0x2  stm32f4xx_hal_pcd_ex.o [6]
  .text              ro code   0x801'13f8      0x28  stm32f4xx_hal.o [6]
  .rodata            const     0x801'1420     0x7e0  webserver.o [2]
  .rodata            const     0x801'1c00     0x604  webserver.o [2]
  .text              ro code   0x801'2204     0x15e  usbd_desc.o [3]
  .rodata            const     0x801'2364      0x58  usbd_rndis.o [10]
  .rodata            const     0x801'23bc      0x58  webserver.o [2]
  .rodata            const     0x801'2414      0x24  dhcpserver.o [2]
  .rodata            const     0x801'2438      0x50  printf.o [9]
  .rodata            const     0x801'2488      0x50  iar_Stoulx.o [12]
  .text              ro code   0x801'24d8      0x38  stm32f4xx_it.o [2]
  .text              ro code   0x801'2510      0x38  zero_init3.o [14]
  .rodata            const     0x801'2548      0x30  webserver.o [2]
  .rodata            const     0x801'2578      0x30  webserver.o [2]
  .rodata            const     0x801'25a8      0x28  FreeRTOS_ARP.o [8]
  .text              ro code   0x801'25d0      0x28  data_init.o [14]
  .rodata            const     0x801'25f8      0x24  dnsserver.o [2]
  .rodata            const     0x801'261c      0x24  monitor.o [2]
  .rodata            const     0x801'2640      0x24  tcp.o [2]
  .rodata            const     0x801'2664      0x24  webserver.o [2]
  .rodata            const     0x801'2688      0x24  webserver.o [2]
  .text              ro code   0x801'26ac      0x22  fpinit_M.o [13]
  .iar.init_table    const     0x801'26d0      0x20  - Linker created -
  .text              ro code   0x801'26f0      0x1e  cmain.o [14]
  .text              ro code   0x801'270e       0x4  low_level_init.o [12]
  .text              ro code   0x801'2712       0x4  exit.o [12]
  .text              ro code   0x801'2718       0xa  cexit.o [14]
  .text              ro code   0x801'2724      0x14  exit.o [15]
  .text              ro code   0x801'2738      0x1c  cstartup_M.o [14]
  .text              ro code   0x801'2754      0x14  system_stm32f4xx.o [5]
  .rodata            const     0x801'2768      0x10  monitor.o [2]
  .rodata            const     0x801'2778      0x10  system_stm32f4xx.o [5]
  .rodata            const     0x801'2788      0x10  usbd_desc.o [3]
  .rodata            const     0x801'2798      0x10  usbd_desc.o [3]
  .rodata            const     0x801'27a8      0x10  usbd_desc.o [3]
  .rodata            const     0x801'27b8      0x10  webserver.o [2]
  .rodata            const     0x801'27c8      0x10  webserver.o [2]
  .text              ro code   0x801'27d8      0x10  startup_stm32f411xe.o [1]
  .rodata            const     0x801'27e8       0xc  BufferAllocation_2.o [8]
  .rodata            const     0x801'27f4       0xc  dhcpserver.o [2]
  .rodata            const     0x801'2800       0xc  dnsserver.o [2]
  .rodata            const     0x801'280c       0xc  dnsserver.o [2]
  .rodata            const     0x801'2818       0xc  tcp.o [2]
  .rodata            const     0x801'2824       0xc  usbd_rndis.o [10]
  .rodata            const     0x801'2830       0xc  webserver.o [2]
  .rodata            const     0x801'283c       0xc  webserver.o [2]
  .rodata            const     0x801'2848       0x8  dhcpserver.o [2]
  .rodata            const     0x801'2850       0x8  dhcpserver.o [2]
  .rodata            const     0x801'2858       0x8  FreeRTOS_IP.o [8]
  .rodata            const     0x801'2860       0x8  FreeRTOS_IP.o [8]
  .rodata            const     0x801'2868       0x8  FreeRTOS_IP.o [8]
  .rodata            const     0x801'2870       0x8  FreeRTOS_IP.o [8]
  .rodata            const     0x801'2878       0x8  FreeRTOS_Sockets.o [8]
  .rodata            const     0x801'2880       0x8  printf.o [9]
  .rodata            const     0x801'2888       0x8  printf.o [9]
  .rodata            const     0x801'2890       0x8  system_stm32f4xx.o [5]
  .rodata            const     0x801'2898       0x8  tasks.o [7]
  .rodata            const     0x801'28a0       0x8  tcp.o [2]
  .rodata            const     0x801'28a8       0x8  timers.o [7]
  .rodata            const     0x801'28b0       0x8  timers.o [7]
  .rodata            const     0x801'28b8       0x8  usbd_rndis.o [10]
  .rodata            const     0x801'28c0       0x8  usbd_rndis.o [10]
  .rodata            const     0x801'28c8       0x8  usbd_rndis.o [10]
  .rodata            const     0x801'28d0       0x8  webserver.o [2]
  .rodata            const     0x801'28d8       0x8  webserver.o [2]
  .rodata            const     0x801'28e0       0x8  webserver.o [2]
  .rodata            const     0x801'28e8       0x8  webserver.o [2]
  .rodata            const     0x801'28f0       0x4  BufferAllocation_2.o [8]
  .rodata            const     0x801'28f4       0x4  heap_4.o [7]
  .rodata            const     0x801'28f8       0x4  port.o [7]
  .rodata            const     0x801'28fc       0x4  tcp.o [2]
  .rodata            const     0x801'2900       0x4  tcp.o [2]
  .rodata            const     0x801'2904       0x4  tcp.o [2]
  .rodata            const     0x801'2908       0x4  tcp.o [2]
  .rodata            const     0x801'290c       0x4  tcp.o [2]
  .text              ro code   0x801'2910       0x4  startup_stm32f411xe.o [1]
  .text              ro code   0x801'2914       0x4  startup_stm32f411xe.o [1]
  .text              ro code   0x801'2918       0x4  startup_stm32f411xe.o [1]
  .text              ro code   0x801'291c       0x4  startup_stm32f411xe.o [1]
  .text              ro code   0x801'2920       0x4  startup_stm32f411xe.o [1]
  .text              ro code   0x801'2924       0x4  startup_stm32f411xe.o [1]
  .text              ro code   0x801'2928       0x4  startup_stm32f411xe.o [1]
  .text              ro code   0x801'292c       0x4  startup_stm32f411xe.o [1]
  .text              ro code   0x801'2930       0x4  startup_stm32f411xe.o [1]
  .text              ro code   0x801'2934       0x4  startup_stm32f411xe.o [1]
  .text              ro code   0x801'2938       0x4  startup_stm32f411xe.o [1]
  .text              ro code   0x801'293c       0x4  startup_stm32f411xe.o [1]
  .text              ro code   0x801'2940       0x4  startup_stm32f411xe.o [1]
  .text              ro code   0x801'2944       0x4  startup_stm32f411xe.o [1]
  .text              ro code   0x801'2948       0x4  startup_stm32f411xe.o [1]
  .text              ro code   0x801'294c       0x4  startup_stm32f411xe.o [1]
  .text              ro code   0x801'2950       0x4  startup_stm32f411xe.o [1]
  .text              ro code   0x801'2954       0x4  startup_stm32f411xe.o [1]
  .text              ro code   0x801'2958       0x4  startup_stm32f411xe.o [1]
  .text              ro code   0x801'295c       0x4  startup_stm32f411xe.o [1]
  .text              ro code   0x801'2960       0x4  startup_stm32f411xe.o [1]
  .text              ro code   0x801'2964       0x4  startup_stm32f411xe.o [1]
  .text              ro code   0x801'2968       0x4  startup_stm32f411xe.o [1]
  .text              ro code   0x801'296c       0x4  startup_stm32f411xe.o [1]
  .text              ro code   0x801'2970       0x4  startup_stm32f411xe.o [1]
  .text              ro code   0x801'2974       0x4  startup_stm32f411xe.o [1]
  .text              ro code   0x801'2978       0x4  startup_stm32f411xe.o [1]
  .text              ro code   0x801'297c       0x4  startup_stm32f411xe.o [1]
  .text              ro code   0x801'2980       0x4  startup_stm32f411xe.o [1]
  .text              ro code   0x801'2984       0x4  startup_stm32f411xe.o [1]
  .text              ro code   0x801'2988       0x4  startup_stm32f411xe.o [1]
  .text              ro code   0x801'298c       0x4  startup_stm32f411xe.o [1]
  .text              ro code   0x801'2990       0x4  startup_stm32f411xe.o [1]
  .text              ro code   0x801'2994       0x4  startup_stm32f411xe.o [1]
  .text              ro code   0x801'2998       0x4  startup_stm32f411xe.o [1]
  .text              ro code   0x801'299c       0x4  startup_stm32f411xe.o [1]
  .text              ro code   0x801'29a0       0x4  startup_stm32f411xe.o [1]
  .text              ro code   0x801'29a4       0x4  startup_stm32f411xe.o [1]
  .text              ro code   0x801'29a8       0x4  startup_stm32f411xe.o [1]
  .text              ro code   0x801'29ac       0x4  startup_stm32f411xe.o [1]
  .text              ro code   0x801'29b0       0x4  startup_stm32f411xe.o [1]
  .text              ro code   0x801'29b4       0x4  startup_stm32f411xe.o [1]
  .text              ro code   0x801'29b8       0x4  startup_stm32f411xe.o [1]
  .text              ro code   0x801'29bc       0x4  startup_stm32f411xe.o [1]
  .text              ro code   0x801'29c0       0x4  startup_stm32f411xe.o [1]
  .text              ro code   0x801'29c4       0x4  startup_stm32f411xe.o [1]
  .text              ro code   0x801'29c8       0x4  startup_stm32f411xe.o [1]
  .text              ro code   0x801'29cc       0x4  startup_stm32f411xe.o [1]
  .text              ro code   0x801'29d0       0x4  startup_stm32f411xe.o [1]
  .text              ro code   0x801'29d4       0x4  startup_stm32f411xe.o [1]
  .text              ro code   0x801'29d8       0x4  startup_stm32f411xe.o [1]
  .text              ro code   0x801'29dc       0x4  startup_stm32f411xe.o [1]
  .text              ro code   0x801'29e0       0x4  startup_stm32f411xe.o [1]
  .text              ro code   0x801'29e4       0x4  startup_stm32f411xe.o [1]
  .rodata            const     0x801'29e8       0x0  zero_init3.o [14]
  .rodata            const     0x801'29e8       0x0  lz77_init_single.o [14]
  Initializer bytes  const     0x801'29e8     0x148  <for P2-1>
                             - 0x801'2b30  0x1'2998

"P2", part 1 of 3:                            0x27b
  P2-1                        0x2000'0000     0x27b  <Init block>
    .data            inited   0x2000'0000       0x4  dhcpserver.o [2]
    .data            inited   0x2000'0004      0x18  FreeRTOS_UDP_IP.o [8]
    .data            inited   0x2000'001c       0x4  monitor.o [2]
    .data            inited   0x2000'0020       0x4  monitor.o [2]
    .data            inited   0x2000'0024       0x4  port.o [7]
    .data            inited   0x2000'0028       0x4  stm32f4xx_hal.o [6]
    .data            inited   0x2000'002c       0x4  system_stm32f4xx.o [5]
    .data            inited   0x2000'0030      0x50  tcp.o [2]
    .data            inited   0x2000'0080      0x18  tcp.o [2]
    .data            inited   0x2000'0098      0x1c  usbd_desc.o [3]
    .data            inited   0x2000'00b4      0x14  usbd_desc.o [3]
    .data            inited   0x2000'00c8       0x4  usbd_desc.o [3]
    .data            inited   0x2000'00cc      0x1c  usbd_desc.o [3]
    .data            inited   0x2000'00e8       0xc  usbd_rndis.o [10]
    .data            inited   0x2000'00f4       0xc  usbd_rndis.o [10]
    .data            inited   0x2000'0100      0x4c  usbd_rndis.o [10]
    .data            inited   0x2000'014c      0x38  usbd_rndis.o [10]
    .data            inited   0x2000'0184       0x4  webserver.o [2]
    .data            inited   0x2000'0188       0x4  webserver.o [2]
    .data            inited   0x2000'018c       0x4  webserver.o [2]
    .data            inited   0x2000'0190       0x4  webserver.o [2]
    .data            inited   0x2000'0194       0x4  webserver.o [2]
    .data            inited   0x2000'0198       0x4  webserver.o [2]
    .data            inited   0x2000'019c       0x4  webserver.o [2]
    .data            inited   0x2000'01a0       0x4  webserver.o [2]
    .data            inited   0x2000'01a4      0x8c  rand.o [12]
    .data            inited   0x2000'0230      0x48  xlocale_c.o [12]
    .data            inited   0x2000'0278       0x1  led.o [2]
    .data            inited   0x2000'0279       0x1  stm32f4xx_hal.o [6]
    .data            inited   0x2000'027a       0x1  tcp.o [2]
                            - 0x2000'027b     0x27b

"P2", part 2 of 3:                         0x1'd920
  .bss               zero     0x2000'027c  0x1'8000  heap_4.o [7]
  .bss               zero     0x2001'827c    0x1ef0  main.o [2]
  .bss               zero     0x2001'a16c    0x1ef0  main.o [2]
  .bss               zero     0x2001'c05c     0x460  tasks.o [7]
  .bss               zero     0x2001'c4bc     0x408  usbd_conf.o [4]
  .bss               zero     0x2001'c8c4     0x400  cmsis_os2.o [7]
  .bss               zero     0x2001'ccc4     0x2d0  usb_device.o [3]
  .bss               zero     0x2001'cf94     0x200  cmsis_os2.o [7]
  .bss               zero     0x2001'd194     0x200  usbd_desc.o [3]
  .bss               zero     0x2001'd394     0x1e0  BufferAllocation_2.o [8]
  .bss               zero     0x2001'd574      0xa0  timers.o [7]
  .bss               zero     0x2001'd614      0x78  usbd_rndis.o [10]
  .bss               zero     0x2001'd68c      0x5c  cmsis_os2.o [7]
  .bss               zero     0x2001'd6e8      0x5c  cmsis_os2.o [7]
  .bss               zero     0x2001'd744      0x50  timers.o [7]
  .bss               zero     0x2001'd794      0x48  FreeRTOS_ARP.o [8]
  .bss               zero     0x2001'd7dc      0x48  led.o [2]
  .bss               zero     0x2001'd824      0x48  monitor.o [2]
  .bss               zero     0x2001'd86c      0x48  stm32f4xx_hal_timebase_tim.o [2]
  .bss               zero     0x2001'd8b4      0x40  queue.o [7]
  .bss               zero     0x2001'd8f4      0x1c  led.o [2]
  .bss               zero     0x2001'd910      0x14  BufferAllocation_2.o [8]
  .bss               zero     0x2001'd924      0x14  FreeRTOS_IP.o [8]
  .bss               zero     0x2001'd938      0x14  FreeRTOS_IP.o [8]
  .bss               zero     0x2001'd94c      0x14  FreeRTOS_IP.o [8]
  .bss               zero     0x2001'd960      0x14  FreeRTOS_IP.o [8]
  .bss               zero     0x2001'd974      0x14  FreeRTOS_Sockets.o [8]
  .bss               zero     0x2001'd988      0x14  FreeRTOS_Sockets.o [8]
  .bss               zero     0x2001'd99c      0x14  FreeRTOS_TCP_WIN.o [8]
  .bss               zero     0x2001'd9b0      0x14  tasks.o [7]
  .bss               zero     0x2001'd9c4      0x14  tasks.o [7]
  .bss               zero     0x2001'd9d8      0x14  tasks.o [7]
  .bss               zero     0x2001'd9ec      0x14  tasks.o [7]
  .bss               zero     0x2001'da00      0x14  tasks.o [7]
  .bss               zero     0x2001'da14      0x14  timers.o [7]
  .bss               zero     0x2001'da28      0x14  timers.o [7]
  .bss               zero     0x2001'da3c      0x10  usbd_rndis.o [10]
  .bss               zero     0x2001'da4c       0xc  tcp.o [2]
  .bss               zero     0x2001'da58       0x8  heap_4.o [7]
  .bss               zero     0x2001'da60       0x8  tcp.o [2]
  .bss               zero     0x2001'da68       0x8  usb_device.o [3]
  .bss               zero     0x2001'da70       0x4  BufferAllocation_2.o [8]
  .bss               zero     0x2001'da74       0x4  BufferAllocation_2.o [8]
  .bss               zero     0x2001'da78       0x4  cmsis_os2.o [7]
  .bss               zero     0x2001'da7c       0x4  dhcpserver.o [2]
  .bss               zero     0x2001'da80       0x4  dhcpserver.o [2]
  .bss               zero     0x2001'da84       0x4  dhcpserver.o [2]
  .bss               zero     0x2001'da88       0x4  dhcpserver.o [2]
  .bss               zero     0x2001'da8c       0x4  dhcpserver.o [2]
  .bss               zero     0x2001'da90       0x4  dnsserver.o [2]
  .bss               zero     0x2001'da94       0x4  FreeRTOS_ARP.o [8]
  .bss               zero     0x2001'da98       0x4  FreeRTOS_IP.o [8]
  .bss               zero     0x2001'da9c       0x4  FreeRTOS_IP.o [8]
  .bss               zero     0x2001'daa0       0x4  FreeRTOS_IP.o [8]
  .bss               zero     0x2001'daa4       0x4  FreeRTOS_IP.o [8]
  .bss               zero     0x2001'daa8       0x4  FreeRTOS_IP.o [8]
  .bss               zero     0x2001'daac       0x4  FreeRTOS_IP.o [8]
  .bss               zero     0x2001'dab0       0x4  FreeRTOS_IP.o [8]
  .bss               zero     0x2001'dab4       0x4  FreeRTOS_Sockets.o [8]
  .bss               zero     0x2001'dab8       0x4  FreeRTOS_TCP_WIN.o [8]
  .bss               zero     0x2001'dabc       0x4  FreeRTOS_TCP_WIN.o [8]
  .bss               zero     0x2001'dac0       0x4  heap_4.o [7]
  .bss               zero     0x2001'dac4       0x4  heap_4.o [7]
  .bss               zero     0x2001'dac8       0x4  heap_4.o [7]
  .bss               zero     0x2001'dacc       0x4  heap_4.o [7]
  .bss               zero     0x2001'dad0       0x4  heap_4.o [7]
  .bss               zero     0x2001'dad4       0x4  heap_4.o [7]
  .bss               zero     0x2001'dad8       0x4  monitor.o [2]
  .bss               zero     0x2001'dadc       0x4  monitor.o [2]
  .bss               zero     0x2001'dae0       0x4  port.o [7]
  .bss               zero     0x2001'dae4       0x4  stm32f4xx_hal.o [6]
  .bss               zero     0x2001'dae8       0x4  stm32f4xx_hal_pcd.o [6]
  .bss               zero     0x2001'daec       0x4  tasks.o [7]
  .bss               zero     0x2001'daf0       0x4  tasks.o [7]
  .bss               zero     0x2001'daf4       0x4  tasks.o [7]
  .bss               zero     0x2001'daf8       0x4  tasks.o [7]
  .bss               zero     0x2001'dafc       0x4  tasks.o [7]
  .bss               zero     0x2001'db00       0x4  tasks.o [7]
  .bss               zero     0x2001'db04       0x4  tasks.o [7]
  .bss               zero     0x2001'db08       0x4  tasks.o [7]
  .bss               zero     0x2001'db0c       0x4  tasks.o [7]
  .bss               zero     0x2001'db10       0x4  tasks.o [7]
  .bss               zero     0x2001'db14       0x4  tasks.o [7]
  .bss               zero     0x2001'db18       0x4  tasks.o [7]
  .bss               zero     0x2001'db1c       0x4  tasks.o [7]
  .bss               zero     0x2001'db20       0x4  tasks.o [7]
  .bss               zero     0x2001'db24       0x4  tasks.o [7]
  .bss               zero     0x2001'db28       0x4  tcp.o [2]
  .bss               zero     0x2001'db2c       0x4  tcp.o [2]
  .bss               zero     0x2001'db30       0x4  tcp.o [2]
  .bss               zero     0x2001'db34       0x4  tcp.o [2]
  .bss               zero     0x2001'db38       0x4  timers.o [7]
  .bss               zero     0x2001'db3c       0x4  timers.o [7]
  .bss               zero     0x2001'db40       0x4  timers.o [7]
  .bss               zero     0x2001'db44       0x4  timers.o [7]
  .bss               zero     0x2001'db48       0x4  timers.o [7]
  .bss               zero     0x2001'db4c       0x4  usb_device.o [3]
  .bss               zero     0x2001'db50       0x4  usbd_conf.o [4]
  .bss               zero     0x2001'db54       0x4  usbd_conf.o [4]
  .bss               zero     0x2001'db58       0x4  usbd_core.o [11]
  .bss               zero     0x2001'db5c       0x4  usbd_rndis.o [10]
  .bss               zero     0x2001'db60       0x4  usbd_rndis.o [10]
  .bss               zero     0x2001'db64       0x4  webserver.o [2]
  .bss               zero     0x2001'db68       0x4  webserver.o [2]
  .bss               zero     0x2001'db6c       0x4  webserver.o [2]
  .bss               zero     0x2001'db70       0x2  dhcpserver.o [2]
  .bss               zero     0x2001'db72       0x2  dhcpserver.o [2]
  .bss               zero     0x2001'db74       0x2  dhcpserver.o [2]
  .bss               zero     0x2001'db76       0x2  dhcpserver.o [2]
  .bss               zero     0x2001'db78       0x2  dhcpserver.o [2]
  .bss               zero     0x2001'db7a       0x2  dhcpserver.o [2]
  .bss               zero     0x2001'db7c       0x2  dnsserver.o [2]
  .bss               zero     0x2001'db7e       0x2  dnsserver.o [2]
  .bss               zero     0x2001'db80       0x2  dnsserver.o [2]
  .bss               zero     0x2001'db82       0x2  dnsserver.o [2]
  .bss               zero     0x2001'db84       0x2  dnsserver.o [2]
  .bss               zero     0x2001'db86       0x2  dnsserver.o [2]
  .bss               zero     0x2001'db88       0x2  FreeRTOS_IP.o [8]
  .bss               zero     0x2001'db8a       0x2  webserver.o [2]
  .bss               zero     0x2001'db8c       0x2  webserver.o [2]
  .bss               zero     0x2001'db8e       0x2  webserver.o [2]
  .bss               zero     0x2001'db90       0x2  webserver.o [2]
  .bss               zero     0x2001'db92       0x2  webserver.o [2]
  .bss               zero     0x2001'db94       0x2  webserver.o [2]
  .bss               zero     0x2001'db96       0x2  webserver.o [2]
  .bss               zero     0x2001'db98       0x1  port.o [7]
  .bss               zero     0x2001'db99       0x1  usbd_ctlreq.o [11]
  .bss               zero     0x2001'db9a       0x1  usbd_rndis.o [10]
  .bss               zero     0x2001'db9b       0x1  webserver.o [2]
                            - 0x2001'db9c  0x1'd920

"P2", part 3 of 3:                            0x400
  CSTACK                      0x2001'dba0     0x400  <Block>
    CSTACK           uninit   0x2001'dba0     0x400  <Block tail>
                            - 0x2001'dfa0     0x400

Unused ranges:

         From           To      Size
         ----           --      ----
   0x801'2b30   0x805'ffff  0x4'd4d0
  0x2000'027b  0x2000'027b       0x1
  0x2001'db9c  0x2001'db9f       0x4
  0x2001'dfa0  0x2001'ffff    0x2060


*******************************************************************************
*** INIT TABLE
***

          Address      Size
          -------      ----
Zero (__iar_zero_init3)
    1 destination range, total size 0x1'd920:
          0x2000'027c  0x1'd920

Copy/lz77 (__iar_lz77_init_single3)
    1 source range, total size 0x148 (51% of destination):
           0x801'29e8     0x148
    1 destination range, total size 0x27b:
          0x2000'0000     0x27b



*******************************************************************************
*** MODULE SUMMARY
***

    Module                        ro code  ro data  rw data
    ------                        -------  -------  -------
command line/config:
    -------------------------------------------------------
    Total:

D:\GitHub\STM32_HAL_RNDIS\EWARM\ITAT_RNDIS\Obj\Application\EWARM: [1]
    startup_stm32f411xe.o             640
    -------------------------------------------------------
    Total:                            640

D:\GitHub\STM32_HAL_RNDIS\EWARM\ITAT_RNDIS\Obj\Application\User\Core: [2]
    dhcpserver.o                    1'652       66       36
    dnsserver.o                       540       60       16
    led.o                             360               101
    main.o                            340            15'840
    monitor.o                         484       56       88
    queuex.o                          956
    stm32f4xx_hal_msp.o                80
    stm32f4xx_hal_timebase_tim.o      156                72
    stm32f4xx_it.o                     56
    tcp.o                             560      131      141
    webserver.o                     2'224    3'916       59
    -------------------------------------------------------
    Total:                          7'408    4'229   16'353

D:\GitHub\STM32_HAL_RNDIS\EWARM\ITAT_RNDIS\Obj\Application\User\USB_DEVICE\App: [3]
    usb_device.o                      312               732
    usbd_desc.o                       350       89      592
    -------------------------------------------------------
    Total:                            662       89    1'324

D:\GitHub\STM32_HAL_RNDIS\EWARM\ITAT_RNDIS\Obj\Application\User\USB_DEVICE\Target: [4]
    usbd_conf.o                     1'080             1'040
    -------------------------------------------------------
    Total:                          1'080             1'040

D:\GitHub\STM32_HAL_RNDIS\EWARM\ITAT_RNDIS\Obj\Drivers\CMSIS: [5]
    system_stm32f4xx.o                 20       26        4
    -------------------------------------------------------
    Total:                             20       26        4

D:\GitHub\STM32_HAL_RNDIS\EWARM\ITAT_RNDIS\Obj\Drivers\STM32F4xx_HAL_Driver: [6]
    stm32f4xx_hal.o                   140        3        9
    stm32f4xx_hal_adc.o             1'370
    stm32f4xx_hal_cortex.o            276
    stm32f4xx_hal_gpio.o              616
    stm32f4xx_hal_pcd.o             3'360                 4
    stm32f4xx_hal_pcd_ex.o            122
    stm32f4xx_hal_rcc.o             1'648
    stm32f4xx_hal_tim.o             1'742
    stm32f4xx_hal_tim_ex.o              4
    stm32f4xx_ll_usb.o              4'036
    -------------------------------------------------------
    Total:                         13'314        3       13

D:\GitHub\STM32_HAL_RNDIS\EWARM\ITAT_RNDIS\Obj\Middlewares\FreeRTOS: [7]
    cmsis_os2.o                       472             1'724
    event_groups.o                    760
    heap_4.o                          668        4   98'336
    list.o                            154
    port.o                            644        6        9
    portasm.o                         176
    queue.o                         2'632                64
    tasks.o                         4'736        8    1'280
    timers.o                        1'260       16      300
    -------------------------------------------------------
    Total:                         11'502       34  101'713

D:\GitHub\STM32_HAL_RNDIS\EWARM\ITAT_RNDIS\Obj\Middlewares\FreeRTOS_TCP: [8]
    BufferAllocation_2.o              456       16      508
    FreeRTOS_ARP.o                  1'460       40       76
    FreeRTOS_IP.o                   3'672       32      110
    FreeRTOS_Sockets.o              5'364        8       44
    FreeRTOS_Stream_Buffer.o          546
    FreeRTOS_TCP_IP.o               7'792
    FreeRTOS_TCP_WIN.o              2'864                28
    FreeRTOS_UDP_IP.o                 482       12       24
    NetworkInterface.o                 34
    -------------------------------------------------------
    Total:                         22'670      108      790

D:\GitHub\STM32_HAL_RNDIS\EWARM\ITAT_RNDIS\Obj\Middlewares\PRINTF: [9]
    printf.o                        4'404       96
    -------------------------------------------------------
    Total:                          4'404       96

D:\GitHub\STM32_HAL_RNDIS\EWARM\ITAT_RNDIS\Obj\Middlewares\RNDIS: [10]
    usbd_rndis.o                    1'952      205      301
    -------------------------------------------------------
    Total:                          1'952      205      301

D:\GitHub\STM32_HAL_RNDIS\EWARM\ITAT_RNDIS\Obj\Middlewares\USB_Device_Library: [11]
    usbd_core.o                     1'094                 4
    usbd_ctlreq.o                   2'240                 1
    usbd_ioreq.o                      172
    -------------------------------------------------------
    Total:                          3'506                 5

dl7M_tlf.a: [12]
    exit.o                              4
    iar_Stolx.o                       144
    iar_Stoulx.o                      320       80
    isspace.o                          20
    low_level_init.o                    4
    rand.o                            172       73      140
    strncmp.o                          40
    tolower.o                          20
    xlocale_c.o                        52       39       72
    -------------------------------------------------------
    Total:                            776      192      212

m7M_tls.a: [13]
    DblAddSub.o                       606
    DblCmpEq.o                         32
    DblCmpGe.o                         52
    DblCmpLe.o                         52
    DblDiv.o                          582
    DblMul.o                          426
    DblToS32.o                         54
    DblToU32.o                         34
    FltToDbl.o                         72
    S32ToDbl.o                         34
    U32ToDbl.o                         28
    fpinit_M.o                         34
    -------------------------------------------------------
    Total:                          2'006

rt7M_tl.a: [14]
    ABImemclr4.o                        6
    ABImemcpy.o                       166
    ABImemmove.o                      150
    ABImemset.o                       102
    ABImemset48.o                      50
    I64DivMod.o                       560
    I64DivZer.o                         2
    cexit.o                            10
    cmain.o                            30
    cstartup_M.o                       28
    data_init.o                        40
    lz77_init_single.o                118
    memchr.o                           88
    memcmp.o                          104
    memset.o                           20
    strlen.o                           54
    zero_init3.o                       56
    -------------------------------------------------------
    Total:                          1'584

shb_l.a: [15]
    exit.o                             20
    -------------------------------------------------------
    Total:                             20

    Gaps                               30        4
    Linker created                              32    1'024
-----------------------------------------------------------
    Grand Total:                   71'574    5'018  122'779


*******************************************************************************
*** ENTRY LIST
***

Entry                       Address      Size  Type      Object
-----                       -------      ----  ----      ------
.iar.init_table$$Base    0x801'26d0             --   Gb  - Linker created -
.iar.init_table$$Limit   0x801'26f0             --   Gb  - Linker created -
?main                    0x801'26f1            Code  Gb  cmain.o [14]
ADC_Handle              0x2001'd824      0x48  Data  Gb  monitor.o [2]
ADC_Init                 0x800'c63f     0x15a  Code  Lc  stm32f4xx_hal_adc.o [6]
AHBPrescTable            0x801'2778      0x10  Data  Gb  system_stm32f4xx.o [5]
APBPrescTable            0x801'2890       0x8  Data  Gb  system_stm32f4xx.o [5]
BusFault_Handler         0x801'24df       0x2  Code  Gb  stm32f4xx_it.o [2]
CSTACK$$Base            0x2001'dba0             --   Gb  - Linker created -
CSTACK$$Limit           0x2001'dfa0             --   Gb  - Linker created -
DebugMon_Handler         0x801'24e3       0x2  Code  Gb  stm32f4xx_it.o [2]
Error_Handler            0x800'7a4d       0x4  Code  Gb  main.o [2]
FS_Desc                 0x2000'0098      0x1c  Data  Gb  usbd_desc.o [3]
FreeRTOS_ClearARP        0x800'5425      0x14  Code  Gb  FreeRTOS_ARP.o [8]
FreeRTOS_GetAddressConfiguration
                         0x800'394f      0x36  Code  Gb  FreeRTOS_IP.o [8]
FreeRTOS_GetMACAddress   0x800'4279       0x4  Code  Gb  FreeRTOS_IP.o [8]
FreeRTOS_IPInit          0x800'376f     0x1e0  Code  Gb  FreeRTOS_IP.o [8]
FreeRTOS_NetworkDown     0x800'371b      0x26  Code  Gb  FreeRTOS_IP.o [8]
FreeRTOS_NetworkDown::xNetworkDownEvent
                         0x801'2870       0x8  Data  Lc  FreeRTOS_IP.o [8]
FreeRTOS_OutputARPRequest
                         0x800'531d      0x4a  Code  Gb  FreeRTOS_ARP.o [8]
FreeRTOS_accept          0x800'6467     0x13a  Code  Gb  FreeRTOS_Sockets.o [8]
FreeRTOS_bind            0x800'5e0f      0xa4  Code  Gb  FreeRTOS_Sockets.o [8]
FreeRTOS_closesocket     0x800'5f81      0x30  Code  Gb  FreeRTOS_Sockets.o [8]
FreeRTOS_listen          0x800'68ad      0xc0  Code  Gb  FreeRTOS_Sockets.o [8]
FreeRTOS_max_uint32      0x800'590d       0x8  Code  Lc  FreeRTOS_Sockets.o [8]
FreeRTOS_min_int32       0x800'5915       0x8  Code  Lc  FreeRTOS_Sockets.o [8]
FreeRTOS_min_int32       0x800'0199       0x8  Code  Lc  FreeRTOS_TCP_IP.o [8]
FreeRTOS_min_int32       0x800'4371       0x8  Code  Lc  FreeRTOS_TCP_WIN.o [8]
FreeRTOS_min_uint32      0x800'591d       0x8  Code  Lc  FreeRTOS_Sockets.o [8]
FreeRTOS_min_uint32      0x800'56eb       0x8  Code  Lc  FreeRTOS_Stream_Buffer.o [8]
FreeRTOS_min_uint32      0x800'01a1       0x8  Code  Lc  FreeRTOS_TCP_IP.o [8]
FreeRTOS_min_uint32      0x800'4379       0x8  Code  Lc  FreeRTOS_TCP_WIN.o [8]
FreeRTOS_recv            0x800'65a1     0x15e  Code  Gb  FreeRTOS_Sockets.o [8]
FreeRTOS_recvfrom        0x800'5bf7     0x110  Code  Gb  FreeRTOS_Sockets.o [8]
FreeRTOS_round_up        0x800'5925       0xe  Code  Lc  FreeRTOS_Sockets.o [8]
FreeRTOS_rx_size         0x800'6c3d      0x26  Code  Gb  FreeRTOS_Sockets.o [8]
FreeRTOS_send            0x800'6787     0x126  Code  Gb  FreeRTOS_Sockets.o [8]
FreeRTOS_sendto          0x800'5d07     0x108  Code  Gb  FreeRTOS_Sockets.o [8]
FreeRTOS_setsockopt      0x800'60d1     0x264  Code  Gb  FreeRTOS_Sockets.o [8]
FreeRTOS_shutdown        0x800'696d      0x46  Code  Gb  FreeRTOS_Sockets.o [8]
FreeRTOS_socket          0x800'5b07      0xf0  Code  Gb  FreeRTOS_Sockets.o [8]
FreeRTOS_tx_size         0x800'6c17      0x26  Code  Gb  FreeRTOS_Sockets.o [8]
FreeRTOS_tx_space        0x800'6bf1      0x26  Code  Gb  FreeRTOS_Sockets.o [8]
Get_SerialNum            0x801'22b7      0x2a  Code  Lc  usbd_desc.o [3]
HAL_ADC_ConfigChannel    0x800'c4ad     0x192  Code  Gb  stm32f4xx_hal_adc.o [6]
HAL_ADC_Init             0x800'c25d      0x66  Code  Gb  stm32f4xx_hal_adc.o [6]
HAL_ADC_MspInit          0x800'e897       0x2  Code  Gb  stm32f4xx_hal_adc.o [6]
HAL_ADC_PollForConversion
                         0x800'c3fb      0xb2  Code  Gb  stm32f4xx_hal_adc.o [6]
HAL_ADC_Start            0x800'c2c3      0xfa  Code  Gb  stm32f4xx_hal_adc.o [6]
HAL_ADC_Stop             0x800'c3bd      0x3e  Code  Gb  stm32f4xx_hal_adc.o [6]
HAL_Delay                0x801'13f9      0x28  Code  Gb  stm32f4xx_hal.o [6]
HAL_GPIO_Init            0x800'c7b5     0x208  Code  Gb  stm32f4xx_hal_gpio.o [6]
HAL_GPIO_TogglePin       0x800'c9d7      0x1a  Code  Gb  stm32f4xx_hal_gpio.o [6]
HAL_GPIO_WritePin        0x800'c9bd      0x1a  Code  Gb  stm32f4xx_hal_gpio.o [6]
HAL_GetTick              0x800'dcc9       0xc  Code  Gb  stm32f4xx_hal.o [6]
HAL_IncTick              0x800'ad65      0x18  Code  Gb  stm32f4xx_hal.o [6]
HAL_Init                 0x800'a2c5      0x3a  Code  Gb  stm32f4xx_hal.o [6]
HAL_InitTick             0x800'c15d      0x8a  Code  Gb  stm32f4xx_hal_timebase_tim.o [2]
HAL_MspInit              0x800'c1f9      0x50  Code  Gb  stm32f4xx_hal_msp.o [2]
HAL_NVIC_EnableIRQ       0x800'c13b       0xe  Code  Gb  stm32f4xx_hal_cortex.o [6]
HAL_NVIC_SetPriority     0x800'c111      0x2a  Code  Gb  stm32f4xx_hal_cortex.o [6]
HAL_NVIC_SetPriorityGrouping
                         0x800'c105       0xc  Code  Gb  stm32f4xx_hal_cortex.o [6]
HAL_PCDEx_LPM_Callback   0x801'13f5       0x2  Code  Gb  stm32f4xx_hal_pcd_ex.o [6]
HAL_PCDEx_SetRxFiFo      0x801'0423       0xe  Code  Gb  stm32f4xx_hal_pcd_ex.o [6]
HAL_PCDEx_SetTxFiFo      0x801'03b9      0x6a  Code  Gb  stm32f4xx_hal_pcd_ex.o [6]
HAL_PCD_ConnectCallback
                         0x800'ea43       0xe  Code  Gb  usbd_conf.o [4]
HAL_PCD_DataInStageCallback
                         0x800'e979      0x2c  Code  Gb  usbd_conf.o [4]
HAL_PCD_DataInStageCallback::llCbDataIn
                        0x2001'db54       0x4  Data  Lc  usbd_conf.o [4]
HAL_PCD_DataOutStageCallback
                         0x800'e94b      0x2e  Code  Gb  usbd_conf.o [4]
HAL_PCD_DataOutStageCallback::llCbDataOut
                        0x2001'db50       0x4  Data  Lc  usbd_conf.o [4]
HAL_PCD_DisconnectCallback
                         0x800'ea51       0xe  Code  Gb  usbd_conf.o [4]
HAL_PCD_EP_Close         0x800'feb1      0x6a  Code  Gb  stm32f4xx_hal_pcd.o [6]
HAL_PCD_EP_ClrStall      0x801'0083      0x80  Code  Gb  stm32f4xx_hal_pcd.o [6]
HAL_PCD_EP_Open          0x800'fe09      0xa8  Code  Gb  stm32f4xx_hal_pcd.o [6]
HAL_PCD_EP_Receive       0x800'ff1b      0x6c  Code  Gb  stm32f4xx_hal_pcd.o [6]
HAL_PCD_EP_SetStall      0x800'fff3      0x90  Code  Gb  stm32f4xx_hal_pcd.o [6]
HAL_PCD_EP_Transmit      0x800'ff87      0x6c  Code  Gb  stm32f4xx_hal_pcd.o [6]
HAL_PCD_IRQHandler       0x800'f87b     0x55e  Code  Gb  stm32f4xx_hal_pcd.o [6]
HAL_PCD_IRQHandler{1}{2}{18}{19}{20}{21}{22}{23}{24}{25}::lldataIn
                        0x2001'dae8       0x4  Data  Lc  stm32f4xx_hal_pcd.o [6]
HAL_PCD_ISOINIncompleteCallback
                         0x800'ea2f      0x14  Code  Gb  usbd_conf.o [4]
HAL_PCD_ISOOUTIncompleteCallback
                         0x800'ea1b      0x14  Code  Gb  usbd_conf.o [4]
HAL_PCD_Init             0x800'f699     0x1a0  Code  Gb  stm32f4xx_hal_pcd.o [6]
HAL_PCD_MspInit          0x800'e8a9      0x90  Code  Gb  usbd_conf.o [4]
HAL_PCD_ResetCallback    0x800'e9b3      0x26  Code  Gb  usbd_conf.o [4]
HAL_PCD_ResumeCallback   0x800'ea0d       0xe  Code  Gb  usbd_conf.o [4]
HAL_PCD_SOFCallback      0x800'e9a5       0xe  Code  Gb  usbd_conf.o [4]
HAL_PCD_SetAddress       0x800'fdd9      0x30  Code  Gb  stm32f4xx_hal_pcd.o [6]
HAL_PCD_SetupStageCallback
                         0x800'e939      0x12  Code  Gb  usbd_conf.o [4]
HAL_PCD_Start            0x800'f839      0x42  Code  Gb  stm32f4xx_hal_pcd.o [6]
HAL_PCD_SuspendCallback
                         0x800'e9d9      0x34  Code  Gb  usbd_conf.o [4]
HAL_RCC_ClockConfig      0x800'aba5     0x14c  Code  Gb  stm32f4xx_hal_rcc.o [6]
HAL_RCC_GetClockConfig   0x800'ad0d      0x3a  Code  Gb  stm32f4xx_hal_rcc.o [6]
HAL_RCC_GetHCLKFreq      0x800'acf1       0x6  Code  Gb  stm32f4xx_hal_rcc.o [6]
HAL_RCC_GetPCLK2Freq     0x800'acf7      0x16  Code  Gb  stm32f4xx_hal_rcc.o [6]
HAL_RCC_GetSysClockFreq
                         0x800'dcd5      0x94  Code  Gb  stm32f4xx_hal_rcc.o [6]
HAL_RCC_OscConfig        0x800'a789     0x41c  Code  Gb  stm32f4xx_hal_rcc.o [6]
HAL_TIMEx_BreakCallback
                         0x800'e8a1       0x2  Code  Gb  stm32f4xx_hal_tim_ex.o [6]
HAL_TIMEx_CommutCallback
                         0x800'e8a5       0x2  Code  Gb  stm32f4xx_hal_tim_ex.o [6]
HAL_TIM_Base_Init        0x800'ca1d      0x6e  Code  Gb  stm32f4xx_hal_tim.o [6]
HAL_TIM_Base_MspInit     0x800'e899       0x2  Code  Gb  stm32f4xx_hal_tim.o [6]
HAL_TIM_Base_Start_IT    0x800'ca8b      0x86  Code  Gb  stm32f4xx_hal_tim.o [6]
HAL_TIM_IC_CaptureCallback
                         0x800'e89d       0x2  Code  Gb  stm32f4xx_hal_tim.o [6]
HAL_TIM_IRQHandler       0x800'ccd9     0x176  Code  Gb  stm32f4xx_hal_tim.o [6]
HAL_TIM_OC_ConfigChannel
                         0x800'ce4f      0x68  Code  Gb  stm32f4xx_hal_tim.o [6]
HAL_TIM_OC_DelayElapsedCallback
                         0x800'a5c1      0x10  Code  Gb  led.o [2]
HAL_TIM_OC_Init          0x800'cb11      0x6e  Code  Gb  stm32f4xx_hal_tim.o [6]
HAL_TIM_OC_MspInit       0x800'e89b       0x2  Code  Gb  stm32f4xx_hal_tim.o [6]
HAL_TIM_OC_Start_IT      0x800'cb7f     0x144  Code  Gb  stm32f4xx_hal_tim.o [6]
HAL_TIM_PWM_PulseFinishedCallback
                         0x800'e89f       0x2  Code  Gb  stm32f4xx_hal_tim.o [6]
HAL_TIM_PeriodElapsedCallback
                         0x800'7a09      0x1e  Code  Gb  main.o [2]
HAL_TIM_TriggerCallback
                         0x800'e8a3       0x2  Code  Gb  stm32f4xx_hal_tim.o [6]
HardFault_Handler        0x801'24db       0x2  Code  Gb  stm32f4xx_it.o [2]
IntToUnicode             0x801'2315      0x4e  Code  Lc  usbd_desc.o [3]
KernelState             0x2001'da78       0x4  Data  Lc  cmsis_os2.o [7]
MemManage_Handler        0x801'24dd       0x2  Code  Gb  stm32f4xx_it.o [2]
NMI_Handler              0x801'24d9       0x2  Code  Gb  stm32f4xx_it.o [2]
NVIC_EncodePriority      0x800'c0c3      0x42  Code  Lc  stm32f4xx_hal_cortex.o [6]
OIDSupportedList         0x801'2364      0x58  Data  Gb  usbd_rndis.o [10]
OTG_FS_IRQHandler        0x801'24f9       0xa  Code  Gb  stm32f4xx_it.o [2]
PCD_EP_OutSetupPacket_int
                         0x801'0351      0x5a  Code  Lc  stm32f4xx_hal_pcd.o [6]
PCD_EP_OutXfrComplete_int
                         0x801'01ef     0x162  Code  Lc  stm32f4xx_hal_pcd.o [6]
PCD_WriteEmptyTxFifo     0x801'0103      0xec  Code  Lc  stm32f4xx_hal_pcd.o [6]
PendSV_Handler           0x800'a1fd            Code  Gb  portasm.o [7]
Region$$Table$$Base      0x801'26d0             --   Gb  - Linker created -
Region$$Table$$Limit     0x801'26f0             --   Gb  - Linker created -
SVC_Handler              0x800'a255            Code  Gb  portasm.o [7]
SVC_Setup                0x800'87c3       0xe  Code  Lc  cmsis_os2.o [7]
SWAPBYTE                 0x800'ece1      0x16  Code  Lc  usbd_ctlreq.o [11]
SysTick_Handler          0x800'87ad      0x16  Code  Gb  cmsis_os2.o [7]
SystemClock_Config       0x800'7959      0xb0  Code  Gb  main.o [2]
SystemCoreClock         0x2000'002c       0x4  Data  Gb  system_stm32f4xx.o [5]
SystemInit               0x801'2755       0xe  Code  Gb  system_stm32f4xx.o [5]
TIM1_UP_TIM10_IRQHandler
                         0x801'24e5       0xa  Code  Gb  stm32f4xx_it.o [2]
TIM2_IRQHandler          0x801'24ef       0xa  Code  Gb  stm32f4xx_it.o [2]
TIM_Base_SetConfig       0x800'ceb7      0x84  Code  Gb  stm32f4xx_hal_tim.o [6]
TIM_CCxChannelCmd        0x800'd0bd      0x24  Code  Gb  stm32f4xx_hal_tim.o [6]
TIM_OC1Struct           0x2001'd8f4      0x1c  Data  Lc  led.o [2]
TIM_OC1_SetConfig        0x800'cf3b      0x5a  Code  Lc  stm32f4xx_hal_tim.o [6]
TIM_OC2_SetConfig        0x800'cf95      0x64  Code  Gb  stm32f4xx_hal_tim.o [6]
TIM_OC3_SetConfig        0x800'cff9      0x62  Code  Lc  stm32f4xx_hal_tim.o [6]
TIM_OC4_SetConfig        0x800'd05b      0x46  Code  Lc  stm32f4xx_hal_tim.o [6]
USBD_ClrClassConfig      0x800'd189      0x20  Code  Gb  usbd_core.o [11]
USBD_ClrFeature          0x800'f4b1      0x2e  Code  Lc  usbd_ctlreq.o [11]
USBD_CtlContinueRx       0x800'f601      0x18  Code  Gb  usbd_ioreq.o [11]
USBD_CtlContinueSendData
                         0x800'f5c3      0x18  Code  Gb  usbd_ioreq.o [11]
USBD_CtlError            0x800'f515      0x18  Code  Gb  usbd_ctlreq.o [11]
USBD_CtlPrepareRx        0x800'f5db      0x26  Code  Gb  usbd_ioreq.o [11]
USBD_CtlReceiveStatus    0x800'f633      0x1a  Code  Gb  usbd_ioreq.o [11]
USBD_CtlSendData         0x800'f5a1      0x22  Code  Gb  usbd_ioreq.o [11]
USBD_CtlSendStatus       0x800'f619      0x1a  Code  Gb  usbd_ioreq.o [11]
USBD_FS_ConfigStrDescriptor
                         0x801'2267      0x28  Code  Gb  usbd_desc.o [3]
USBD_FS_DeviceDesc      0x2000'00b4      0x14  Data  Gb  usbd_desc.o [3]
USBD_FS_DeviceDescriptor
                         0x801'2205       0xa  Code  Gb  usbd_desc.o [3]
USBD_FS_InterfaceStrDescriptor
                         0x801'228f      0x28  Code  Gb  usbd_desc.o [3]
USBD_FS_LangIDStrDescriptor
                         0x801'220f       0xa  Code  Gb  usbd_desc.o [3]
USBD_FS_ManufacturerStrDescriptor
                         0x801'2241      0x14  Code  Gb  usbd_desc.o [3]
USBD_FS_ProductStrDescriptor
                         0x801'2219      0x28  Code  Gb  usbd_desc.o [3]
USBD_FS_SerialStrDescriptor
                         0x801'2255      0x12  Code  Gb  usbd_desc.o [3]
USBD_GetConfig           0x800'f3fd      0x4e  Code  Lc  usbd_ctlreq.o [11]
USBD_GetDescriptor       0x800'f07d     0x208  Code  Lc  usbd_ctlreq.o [11]
USBD_GetLen              0x800'f58b      0x16  Code  Lc  usbd_ctlreq.o [11]
USBD_GetStatus           0x800'f44b      0x4c  Code  Lc  usbd_ctlreq.o [11]
USBD_GetString           0x800'f52d      0x5e  Code  Gb  usbd_ctlreq.o [11]
USBD_Get_USB_Status      0x800'ecb3      0x2e  Code  Gb  usbd_conf.o [4]
USBD_Init                0x800'd0e1      0x3c  Code  Gb  usbd_core.o [11]
USBD_LL_ClearStallEP     0x800'ebc1      0x2a  Code  Gb  usbd_conf.o [4]
USBD_LL_CloseEP          0x800'eb6d      0x2a  Code  Gb  usbd_conf.o [4]
USBD_LL_DataInStage      0x800'd2b3     0x100  Code  Gb  usbd_core.o [11]
USBD_LL_DataInStage::usbcoreDataIn
                        0x2001'db58       0x4  Data  Lc  usbd_core.o [11]
USBD_LL_DataOutStage     0x800'd211      0xa2  Code  Gb  usbd_core.o [11]
USBD_LL_DevConnected     0x800'd4fd       0x6  Code  Gb  usbd_core.o [11]
USBD_LL_DevDisconnected
                         0x800'd503      0x24  Code  Gb  usbd_core.o [11]
USBD_LL_Init             0x800'ea5f      0x8c  Code  Gb  usbd_conf.o [4]
USBD_LL_IsStallEP        0x800'ebeb      0x36  Code  Gb  usbd_conf.o [4]
USBD_LL_IsoINIncomplete
                         0x800'd491      0x36  Code  Gb  usbd_core.o [11]
USBD_LL_IsoOUTIncomplete
                         0x800'd4c7      0x36  Code  Gb  usbd_core.o [11]
USBD_LL_OpenEP           0x800'eb2b      0x42  Code  Gb  usbd_conf.o [4]
USBD_LL_PrepareReceive   0x800'ec7f      0x34  Code  Gb  usbd_conf.o [4]
USBD_LL_Reset            0x800'd3b9      0x76  Code  Gb  usbd_core.o [11]
USBD_LL_Resume           0x800'd44b      0x16  Code  Gb  usbd_core.o [11]
USBD_LL_SOF              0x800'd461      0x30  Code  Gb  usbd_core.o [11]
USBD_LL_SetSpeed         0x800'd42f       0x8  Code  Gb  usbd_core.o [11]
USBD_LL_SetUSBAddress    0x800'ec21      0x2a  Code  Gb  usbd_conf.o [4]
USBD_LL_SetupStage       0x800'd1a9      0x68  Code  Gb  usbd_core.o [11]
USBD_LL_StallEP          0x800'eb97      0x2a  Code  Gb  usbd_conf.o [4]
USBD_LL_Start            0x800'eb0d      0x1e  Code  Gb  usbd_conf.o [4]
USBD_LL_Suspend          0x800'd437      0x14  Code  Gb  usbd_core.o [11]
USBD_LL_Transmit         0x800'ec4b      0x34  Code  Gb  usbd_conf.o [4]
USBD_LangIDDesc         0x2000'00c8       0x4  Data  Gb  usbd_desc.o [3]
USBD_ParseSetupRequest   0x800'f4df      0x36  Code  Gb  usbd_ctlreq.o [11]
USBD_RDNIS              0x2000'014c      0x38  Data  Gb  usbd_rndis.o [10]
USBD_RNDIS_CfgDesc      0x2000'0100      0x4c  Data  Lc  usbd_rndis.o [10]
USBD_RNDIS_DataIn        0x800'd6d3      0x6e  Code  Lc  usbd_rndis.o [10]
USBD_RNDIS_DataOut       0x800'd7d1      0x48  Code  Lc  usbd_rndis.o [10]
USBD_RNDIS_DeInit        0x800'd58d      0x2a  Code  Lc  usbd_rndis.o [10]
USBD_RNDIS_DeviceQualifierDesc
                        0x2000'00f4       0xc  Data  Lc  usbd_rndis.o [10]
USBD_RNDIS_EP0_RxReady   0x800'd5f9      0xda  Code  Lc  usbd_rndis.o [10]
USBD_RNDIS_GetDeviceQualifierDescriptor
                         0x800'd911       0xc  Code  Lc  usbd_rndis.o [10]
USBD_RNDIS_GetFSCfgDesc
                         0x800'd8e9      0x1c  Code  Lc  usbd_rndis.o [10]
USBD_RNDIS_GetHSCfgDesc
                         0x800'd905       0x6  Code  Lc  usbd_rndis.o [10]
USBD_RNDIS_GetOtherSpeedCfgDesc
                         0x800'd90b       0x6  Code  Lc  usbd_rndis.o [10]
USBD_RNDIS_Init          0x800'd52f      0x5e  Code  Lc  usbd_rndis.o [10]
USBD_RNDIS_Setup         0x800'd5b7      0x42  Code  Lc  usbd_rndis.o [10]
USBD_RNDIS_getClass      0x800'd529       0x6  Code  Gb  usbd_rndis.o [10]
USBD_RNDIS_handleConfigParm
                         0x800'dba5       0x2  Code  Lc  usbd_rndis.o [10]
USBD_RNDIS_handlePacket
                         0x800'd741      0x90  Code  Lc  usbd_rndis.o [10]
USBD_RNDIS_handleSetMsg
                         0x800'dba9      0xaa  Code  Lc  usbd_rndis.o [10]
USBD_RNDIS_packetFilter
                         0x800'dba7       0x2  Code  Lc  usbd_rndis.o [10]
USBD_RNDIS_query         0x800'd9a5     0x200  Code  Lc  usbd_rndis.o [10]
USBD_RNDIS_query_cmplt   0x800'd94f      0x4e  Code  Lc  usbd_rndis.o [10]
USBD_RNDIS_query_cmplt32
                         0x800'd91d      0x32  Code  Gb  usbd_rndis.o [10]
USBD_RNDIS_send          0x800'd819      0xc8  Code  Gb  usbd_rndis.o [10]
USBD_RNDIS_setBuffer     0x800'd8e1       0x8  Code  Gb  usbd_rndis.o [10]
USBD_RegisterClass       0x800'd11d      0x34  Code  Gb  usbd_core.o [11]
USBD_RunTestMode         0x800'd15d       0x6  Code  Gb  usbd_core.o [11]
USBD_SetAddress          0x800'f285      0x68  Code  Lc  usbd_ctlreq.o [11]
USBD_SetClassConfig      0x800'd163      0x26  Code  Gb  usbd_core.o [11]
USBD_SetConfig           0x800'f2ed     0x10c  Code  Lc  usbd_ctlreq.o [11]
USBD_SetConfig::cfgidx  0x2001'db99       0x1  Data  Lc  usbd_ctlreq.o [11]
USBD_SetFeature          0x800'f497      0x1a  Code  Lc  usbd_ctlreq.o [11]
USBD_Start               0x800'd151       0xc  Code  Gb  usbd_core.o [11]
USBD_StdDevReq           0x800'ecf7      0xaa  Code  Gb  usbd_ctlreq.o [11]
USBD_StdEPReq            0x800'ee11     0x26c  Code  Gb  usbd_ctlreq.o [11]
USBD_StdItfReq           0x800'eda1      0x70  Code  Gb  usbd_ctlreq.o [11]
USBD_StrDesc            0x2001'd194     0x200  Data  Gb  usbd_desc.o [3]
USBD_StringSerial       0x2000'00cc      0x1c  Data  Gb  usbd_desc.o [3]
USB_ActivateEndpoint     0x801'08bb      0xbe  Code  Gb  stm32f4xx_ll_usb.o [6]
USB_CoreInit             0x801'0431      0x80  Code  Gb  stm32f4xx_ll_usb.o [6]
USB_CoreReset            0x801'1399      0x46  Code  Lc  stm32f4xx_ll_usb.o [6]
USB_DeactivateEndpoint   0x801'0979     0x12e  Code  Gb  stm32f4xx_ll_usb.o [6]
USB_DevConnect           0x801'1235      0x28  Code  Gb  stm32f4xx_ll_usb.o [6]
USB_DevDisconnect        0x801'125d      0x28  Code  Gb  stm32f4xx_ll_usb.o [6]
USB_DevInit              0x801'0629     0x1f4  Code  Gb  stm32f4xx_ll_usb.o [6]
USB_DisableGlobalInt     0x801'05ab       0xe  Code  Gb  stm32f4xx_ll_usb.o [6]
USB_EP0StartXfer         0x801'0e2d     0x1e2  Code  Gb  stm32f4xx_ll_usb.o [6]
USB_EP0_OutStart         0x801'1319      0x7a  Code  Gb  stm32f4xx_ll_usb.o [6]
USB_EPClearStall         0x801'1173      0x8e  Code  Gb  stm32f4xx_ll_usb.o [6]
USB_EPSetStall           0x801'10d7      0x9c  Code  Gb  stm32f4xx_ll_usb.o [6]
USB_EPStartXfer          0x801'0aa7     0x358  Code  Gb  stm32f4xx_ll_usb.o [6]
USB_EnableGlobalInt      0x801'059d       0xe  Code  Gb  stm32f4xx_ll_usb.o [6]
USB_FlushRxFifo          0x801'084b      0x2a  Code  Gb  stm32f4xx_ll_usb.o [6]
USB_FlushTxFifo          0x801'081d      0x2e  Code  Gb  stm32f4xx_ll_usb.o [6]
USB_GetDevSpeed          0x801'0893      0x28  Code  Gb  stm32f4xx_ll_usb.o [6]
USB_GetMode              0x801'1311       0x8  Code  Gb  stm32f4xx_ll_usb.o [6]
USB_ReadDevAllInEpInterrupt
                         0x801'12a5      0x16  Code  Gb  stm32f4xx_ll_usb.o [6]
USB_ReadDevAllOutEpInterrupt
                         0x801'128f      0x16  Code  Gb  stm32f4xx_ll_usb.o [6]
USB_ReadDevInEPInterrupt
                         0x801'12db      0x36  Code  Gb  stm32f4xx_ll_usb.o [6]
USB_ReadDevOutEPInterrupt
                         0x801'12bb      0x20  Code  Gb  stm32f4xx_ll_usb.o [6]
USB_ReadInterrupts       0x801'1285       0xa  Code  Gb  stm32f4xx_ll_usb.o [6]
USB_ReadPacket           0x801'1067      0x70  Code  Gb  stm32f4xx_ll_usb.o [6]
USB_SetCurrentMode       0x801'05b9      0x70  Code  Gb  stm32f4xx_ll_usb.o [6]
USB_SetDevAddress        0x801'1201      0x34  Code  Gb  stm32f4xx_ll_usb.o [6]
USB_SetDevSpeed          0x801'0875      0x1e  Code  Gb  stm32f4xx_ll_usb.o [6]
USB_SetTurnaroundTime    0x801'04b1      0xec  Code  Gb  stm32f4xx_ll_usb.o [6]
USB_WritePacket          0x801'100f      0x58  Code  Gb  stm32f4xx_ll_usb.o [6]
UsageFault_Handler       0x801'24e1       0x2  Code  Gb  stm32f4xx_it.o [2]
_LocaleC_isspace         0x800'f659      0x14  Code  Gb  xlocale_c.o [12]
_LocaleC_isupper         0x800'f64d       0x2  Code  Gb  xlocale_c.o [12]
_LocaleC_tolower         0x800'f66d       0xc  Code  Gb  xlocale_c.o [12]
_Rand_idx               0x2000'022c       0x4  Data  Lc  rand.o [12]
_Rand_rv                0x2000'01a4      0x80  Data  Lc  rand.o [12]
_Randinit               0x2000'0224       0x1  Data  Gb  rand.o [12]
_Randseed               0x2000'0228       0x4  Data  Gb  rand.o [12]
__NVIC_EnableIRQ         0x800'c077      0x20  Code  Lc  stm32f4xx_hal_cortex.o [6]
__NVIC_GetPriorityGrouping
                         0x800'c06b       0xc  Code  Lc  stm32f4xx_hal_cortex.o [6]
__NVIC_SetPriority       0x800'877d      0x30  Code  Lc  cmsis_os2.o [7]
__NVIC_SetPriority       0x800'c097      0x2c  Code  Lc  stm32f4xx_hal_cortex.o [6]
__NVIC_SetPriorityGrouping
                         0x800'c049      0x22  Code  Lc  stm32f4xx_hal_cortex.o [6]
__aeabi_cdcmpeq          0x800'e121            Code  Gb  DblCmpEq.o [13]
__aeabi_cdcmple          0x800'e141            Code  Gb  DblCmpLe.o [13]
__aeabi_cdrcmple         0x800'e175            Code  Gb  DblCmpGe.o [13]
__aeabi_d2iz             0x800'e1a9            Code  Gb  DblToS32.o [13]
__aeabi_d2uiz            0x800'e611            Code  Gb  DblToU32.o [13]
__aeabi_dadd             0x800'e205            Code  Gb  DblAddSub.o [13]
__aeabi_ddiv             0x800'e651            Code  Gb  DblDiv.o [13]
__aeabi_dmul             0x800'e465            Code  Gb  DblMul.o [13]
__aeabi_dsub             0x800'e381            Code  Gb  DblAddSub.o [13]
__aeabi_f2d              0x800'bfc9            Code  Gb  FltToDbl.o [13]
__aeabi_i2d              0x800'e1e1            Code  Gb  S32ToDbl.o [13]
__aeabi_ldiv0            0x800'f695            Code  Gb  I64DivZer.o [14]
__aeabi_memclr4          0x800'ae8d            Code  Gb  ABImemclr4.o [14]
__aeabi_memcpy           0x800'42a9            Code  Gb  ABImemcpy.o [14]
__aeabi_memcpy4          0x800'42c9            Code  Gb  ABImemcpy.o [14]
__aeabi_memcpy8          0x800'42c9            Code  Gb  ABImemcpy.o [14]
__aeabi_memmove          0x800'86e5            Code  Gb  ABImemmove.o [14]
__aeabi_memmove4         0x800'86e5            Code  Gb  ABImemmove.o [14]
__aeabi_memmove8         0x800'86e5            Code  Gb  ABImemmove.o [14]
__aeabi_memset           0x800'5685            Code  Gb  ABImemset.o [14]
__aeabi_ui2d             0x800'e635            Code  Gb  U32ToDbl.o [13]
__aeabi_uldivmod         0x800'def1            Code  Gb  I64DivMod.o [14]
__cmain                  0x801'26f1            Code  Gb  cmain.o [14]
__exit                   0x801'2725      0x14  Code  Gb  exit.o [15]
__iar_Memchr             0x800'ada5            Code  Gb  memchr.o [14]
__iar_Memset             0x800'5685            Code  Gb  ABImemset.o [14]
__iar_Memset4_word       0x800'debd            Code  Gb  ABImemset48.o [14]
__iar_Memset8_word       0x800'debd            Code  Gb  ABImemset48.o [14]
__iar_Memset_word        0x800'568d            Code  Gb  ABImemset.o [14]
__iar_Stolx              0x800'adfd      0x8c  Code  Gb  iar_Stolx.o [12]
__iar_Stoulx             0x800'dd7d     0x13a  Code  Gb  iar_Stoulx.o [12]
__iar_data_init3         0x801'25d1      0x28  Code  Gb  data_init.o [14]
__iar_globLocale        0x2000'0230      0x48  Data  Lc  xlocale_c.o [12]
__iar_global_Locale      0x800'f679       0x4  Code  Gb  xlocale_c.o [12]
__iar_init_vfp           0x801'26ad            Code  Gb  fpinit_M.o [13]
__iar_lz77_init_single3
                         0x800'7137      0x76  Code  Gb  lz77_init_single.o [14]
__iar_program_start      0x801'2739            Code  Gb  cstartup_M.o [14]
__iar_zero_init3         0x801'2511      0x38  Code  Gb  zero_init3.o [14]
__low_level_init         0x801'270f       0x4  Code  Gb  low_level_init.o [12]
__vector_table           0x800'0000            Data  Gb  startup_stm32f411xe.o [1]
_atoi                    0x800'aecf      0x28  Code  Lc  printf.o [9]
_call_main               0x801'26fd            Code  Gb  cmain.o [14]
_etoa                    0x800'b509     0x380  Code  Lc  printf.o [9]
_exit                    0x801'2719            Code  Gb  cexit.o [14]
_ftoa                    0x800'b1dd     0x31c  Code  Lc  printf.o [9]
_ftoa::pow10             0x801'2438      0x50  Data  Lc  printf.o [9]
_is_digit                0x800'aeb7      0x18  Code  Lc  printf.o [9]
_ntoa_format             0x800'af65     0x132  Code  Lc  printf.o [9]
_ntoa_long               0x800'b097      0x9c  Code  Lc  printf.o [9]
_ntoa_long_long          0x800'b133      0xa8  Code  Lc  printf.o [9]
_out_buffer              0x800'ae95       0x8  Code  Lc  printf.o [9]
_out_null                0x800'ae9d       0x2  Code  Lc  printf.o [9]
_out_rev                 0x800'aef7      0x6e  Code  Lc  printf.o [9]
_strnlen_s               0x800'ae9f      0x18  Code  Lc  printf.o [9]
_vsnprintf               0x800'b89d     0x6a8  Code  Lc  printf.o [9]
currentFrame            0x2001'da60       0x8  Data  Lc  tcp.o [2]
dhcpMsg                 0x2001'da84       0x4  Data  Lc  dhcpserver.o [2]
dhcpconf                0x2001'da80       0x4  Data  Lc  dhcpserver.o [2]
dhcpconf                0x2000'0080      0x18  Data  Lc  tcp.o [2]
dhcpserverHandleTaskToNotify
                        0x2001'da7c       0x4  Data  Gb  dhcpserver.o [2]
dhcpserverHandleTask_attributes
                         0x801'2414      0x24  Data  Gb  dhcpserver.o [2]
dhcpserver_fillOptions   0x800'9709      0xec  Code  Lc  dhcpserver.o [2]
dhcpserver_findOption    0x800'97f5      0x54  Code  Lc  dhcpserver.o [2]
dhcpserver_handle        0x800'91f5     0x36c  Code  Lc  dhcpserver.o [2]
dhcpserver_handle::eelse
                        0x2001'db7a       0x2  Data  Lc  dhcpserver.o [2]
dhcpserver_handle::eintr
                        0x2001'db76       0x2  Data  Lc  dhcpserver.o [2]
dhcpserver_handle::einval
                        0x2001'db78       0x2  Data  Lc  dhcpserver.o [2]
dhcpserver_handle::enomem
                        0x2001'db72       0x2  Data  Lc  dhcpserver.o [2]
dhcpserver_handle::enotconn
                        0x2001'db74       0x2  Data  Lc  dhcpserver.o [2]
dhcpserver_handle::errorDisco
                        0x2001'da88       0x4  Data  Lc  dhcpserver.o [2]
dhcpserver_handle::errorReq
                        0x2001'da8c       0x4  Data  Lc  dhcpserver.o [2]
dhcpserver_handle::etimeout
                        0x2001'db70       0x2  Data  Lc  dhcpserver.o [2]
dhcpserver_init          0x800'91d5      0x20  Code  Gb  dhcpserver.o [2]
dhcpserver_lookupDelete
                         0x800'9665      0x1e  Code  Lc  dhcpserver.o [2]
dhcpserver_lookupFree    0x800'960f      0x56  Code  Lc  dhcpserver.o [2]
dhcpserver_lookupFree::empty
                         0x801'2848       0x8  Data  Lc  dhcpserver.o [2]
dhcpserver_lookupFreeObj
                         0x800'96a7      0x26  Code  Lc  dhcpserver.o [2]
dhcpserver_lookupFreeObj::empty
                         0x801'2850       0x8  Data  Lc  dhcpserver.o [2]
dhcpserver_lookupIp      0x800'9561      0x56  Code  Lc  dhcpserver.o [2]
dhcpserver_lookupMac     0x800'95b7      0x58  Code  Lc  dhcpserver.o [2]
dhcpserver_lookupSetMac
                         0x800'9683      0x24  Code  Lc  dhcpserver.o [2]
digits                   0x801'24b0      0x28  Data  Lc  iar_Stoulx.o [12]
dnsserverHandleTaskToNotify
                        0x2001'da90       0x4  Data  Gb  dnsserver.o [2]
dnsserverHandleTask_attributes
                         0x801'25f8      0x24  Data  Gb  dnsserver.o [2]
dnsserver_handle         0x800'985d     0x1e0  Code  Lc  dnsserver.o [2]
dnsserver_handle::eelse
                        0x2001'db86       0x2  Data  Lc  dnsserver.o [2]
dnsserver_handle::eintr
                        0x2001'db82       0x2  Data  Lc  dnsserver.o [2]
dnsserver_handle::einval
                        0x2001'db84       0x2  Data  Lc  dnsserver.o [2]
dnsserver_handle::enomem
                        0x2001'db7e       0x2  Data  Lc  dnsserver.o [2]
dnsserver_handle::enotconn
                        0x2001'db80       0x2  Data  Lc  dnsserver.o [2]
dnsserver_handle::etimeout
                        0x2001'db7c       0x2  Data  Lc  dnsserver.o [2]
dnsserver_init           0x800'9849      0x14  Code  Gb  dnsserver.o [2]
duty                    0x2000'0278       0x1  Data  Lc  led.o [2]
eARPGetCacheEntry        0x800'5157      0xa8  Code  Gb  FreeRTOS_ARP.o [8]
eARPProcessPacket        0x800'4ea3     0x11c  Code  Gb  FreeRTOS_ARP.o [8]
eConsiderFrameForProcessing
                         0x800'3a15      0x5e  Code  Gb  FreeRTOS_IP.o [8]
eTaskGetState            0x800'23c5      0x8c  Code  Gb  tasks.o [7]
encapsulated_buffer     0x2001'd614      0x78  Data  Lc  usbd_rndis.o [10]
exit                     0x801'2713       0x4  Code  Gb  exit.o [12]
guestCounter            0x2001'db6c       0x4  Data  Lc  webserver.o [2]
hUsbDeviceFS            0x2001'ccc4     0x2d0  Data  Gb  usb_device.o [3]
hpcd_USB_OTG_FS         0x2001'c4bc     0x408  Data  Gb  usbd_conf.o [4]
htim1                   0x2001'd86c      0x48  Data  Gb  stm32f4xx_hal_timebase_tim.o [2]
htim2                   0x2001'd7dc      0x48  Data  Gb  led.o [2]
isspace                  0x800'dd69      0x14  Code  Gb  isspace.o [12]
lTCPAddRxdata            0x800'6b55      0x9c  Code  Gb  FreeRTOS_Sockets.o [8]
lTCPIncrementTxPosition
                         0x800'4907       0xc  Code  Lc  FreeRTOS_TCP_WIN.o [8]
lTCPWindowRxCheck        0x800'4793     0x174  Code  Gb  FreeRTOS_TCP_WIN.o [8]
lTCPWindowTxAdd          0x800'4913     0x10e  Code  Gb  FreeRTOS_TCP_WIN.o [8]
leasetable              0x2000'0030      0x50  Data  Lc  tcp.o [2]
led_getDuty              0x800'a60b      0x1a  Code  Gb  led.o [2]
led_init                 0x800'a4e9      0x46  Code  Gb  led.o [2]
led_reset                0x800'a625      0x10  Code  Gb  led.o [2]
led_set                  0x800'a5df      0x10  Code  Gb  led.o [2]
led_setDuty              0x800'a5ef      0x1c  Code  Gb  led.o [2]
led_toggle               0x800'a5d1       0xe  Code  Gb  led.o [2]
macReceiveTask_attributes
                         0x801'2640      0x24  Data  Gb  tcp.o [2]
mac_statistic           0x2001'da4c       0xc  Data  Lc  tcp.o [2]
magic_cookie            0x2000'0000       0x4  Data  Lc  dhcpserver.o [2]
main                     0x800'78fd      0x4c  Code  Gb  main.o [2]
memchr                   0x800'ada5            Code  Gb  memchr.o [14]
memcmp                   0x800'867d            Code  Gb  memcmp.o [14]
memset                   0x800'c249      0x14  Code  Gb  memset.o [14]
monitorTask_attributes   0x801'261c      0x24  Data  Gb  monitor.o [2]
monitor_getTemperature   0x800'a49d       0x8  Code  Gb  monitor.o [2]
monitor_getVoltage       0x800'a4a5       0x8  Code  Gb  monitor.o [2]
monitor_init             0x800'a305      0x92  Code  Gb  monitor.o [2]
ndigs                    0x801'2488      0x28  Data  Lc  iar_Stoulx.o [12]
oid_packet_filter       0x2001'db5c       0x4  Data  Lc  usbd_rndis.o [10]
on_usbInTxCplt           0x800'a6b7      0x14  Code  Gb  usb_device.o [3]
on_usbOutRxPacket        0x800'a68d      0x2a  Code  Gb  usb_device.o [3]
osKernelInitialize       0x800'87d1      0x2a  Code  Gb  cmsis_os2.o [7]
osKernelStart            0x800'87fb      0x34  Code  Gb  cmsis_os2.o [7]
osThreadNew              0x800'882f      0xe4  Code  Gb  cmsis_os2.o [7]
pcInterruptPriorityRegisters
                         0x801'28f8       0x4  Data  Lc  port.o [7]
permanent_hwaddr         0x801'28c8       0x8  Data  Lc  usbd_rndis.o [10]
processingIdle          0x2000'027a       0x1  Data  Lc  tcp.o [2]
prvAddCurrentTaskToDelayedList
                         0x800'31e9      0x66  Code  Lc  tasks.o [7]
prvAddNewTaskToReadyList
                         0x800'21fb      0xc2  Code  Lc  tasks.o [7]
prvAllowIPPacket         0x800'3bcd      0xaa  Code  Lc  FreeRTOS_IP.o [8]
prvCacheLookup           0x800'51ff      0x64  Code  Lc  FreeRTOS_ARP.o [8]
prvCalculateSleepTime    0x800'35fb      0x34  Code  Lc  FreeRTOS_IP.o [8]
prvCheckForValidListAndQueue
                         0x800'7879      0x52  Code  Lc  timers.o [7]
prvCheckForValidListAndQueue{1}{2}{3}{4}::ucStaticTimerQueueStorage
                        0x2001'd574      0xa0  Data  Lc  timers.o [7]
prvCheckForValidListAndQueue{1}{2}{3}{4}::xStaticTimerQueue
                        0x2001'd744      0x50  Data  Lc  timers.o [7]
prvCheckNetworkTimers    0x800'362f      0x64  Code  Lc  FreeRTOS_IP.o [8]
prvCheckOptions          0x800'08e3      0x8a  Code  Lc  FreeRTOS_TCP_IP.o [8]
prvCheckRxData           0x800'1215      0xb8  Code  Lc  FreeRTOS_TCP_IP.o [8]
prvCheckTasksWaitingTermination
                         0x800'2bd3      0x4a  Code  Lc  tasks.o [7]
prvCopyDataFromQueue     0x800'8315      0x36  Code  Lc  queue.o [7]
prvCopyDataToQueue       0x800'8279      0x9c  Code  Lc  queue.o [7]
prvCreateSectors         0x800'440b      0xa6  Code  Lc  FreeRTOS_TCP_WIN.o [8]
prvDeleteTCB             0x800'2d43      0x44  Code  Lc  tasks.o [7]
prvDetermineSocketSize   0x800'5a27      0xe0  Code  Lc  FreeRTOS_Sockets.o [8]
prvGetDisinheritPriorityAfterTimeout
                         0x800'8263      0x16  Code  Lc  queue.o [7]
prvGetNextExpireTime     0x800'7607      0x2c  Code  Lc  timers.o [7]
prvGetPrivatePortNumber
                         0x800'6335      0x74  Code  Lc  FreeRTOS_Sockets.o [8]
prvHandleEstablished     0x800'15bf     0x1dc  Code  Lc  FreeRTOS_TCP_IP.o [8]
prvHandleEthernetPacket
                         0x800'35e1      0x1a  Code  Lc  FreeRTOS_IP.o [8]
prvHandleListen          0x800'1dd3     0x132  Code  Lc  FreeRTOS_TCP_IP.o [8]
prvHandleSynReceived     0x800'1455     0x16a  Code  Lc  FreeRTOS_TCP_IP.o [8]
prvHeapInit              0x800'6faf      0x6a  Code  Lc  heap_4.o [7]
[...]
vARPGenerateRequestPacket
                         0x800'5367      0xbe  Code  Gb  FreeRTOS_ARP.o [8]
vARPGenerateRequestPacket::xDefaultPartARPPacketHeader
                         0x801'25a8      0x28  Data  Lc  FreeRTOS_ARP.o [8]
vARPRefreshCacheEntry    0x800'4fbf     0x198  Code  Gb  FreeRTOS_ARP.o [8]
vApplicationGetIdleTaskMemory
                         0x800'73f9      0x18  Code  Gb  cmsis_os2.o [7]
vApplicationGetIdleTaskMemory::Idle_Stack
                        0x2001'cf94     0x200  Data  Lc  cmsis_os2.o [7]
vApplicationGetIdleTaskMemory::Idle_TCB
                        0x2001'd68c      0x5c  Data  Lc  cmsis_os2.o [7]
vApplicationGetTimerTaskMemory
                         0x800'a2ad      0x18  Code  Gb  cmsis_os2.o [7]
vApplicationGetTimerTaskMemory::Timer_Stack
                        0x2001'c8c4     0x400  Data  Lc  cmsis_os2.o [7]
vApplicationGetTimerTaskMemory::Timer_TCB
                        0x2001'd6e8      0x5c  Data  Lc  cmsis_os2.o [7]
vApplicationIPNetworkEventHook
                         0x800'547d      0x2a  Code  Gb  tcp.o [2]
vApplicationIPNetworkEventHook::xTasksAlreadyCreated
                        0x2001'db2c       0x4  Data  Lc  tcp.o [2]
vApplicationIdleHook     0x800'7949      0x10  Code  Gb  main.o [2]
vApplicationPingReplyHook
                         0x800'55bf      0x14  Code  Gb  tcp.o [2]
vCastConstPointerTo_EthernetHeader_t
                         0x800'3453       0x2  Code  Lc  FreeRTOS_IP.o [8]
vCastConstPointerTo_IPHeader_t
                         0x800'0243       0x2  Code  Lc  FreeRTOS_TCP_IP.o [8]
vCastConstPointerTo_IPPacket_t
                         0x800'3459       0x2  Code  Lc  FreeRTOS_IP.o [8]
vCastConstPointerTo_ProtocolHeaders_t
                         0x800'024b       0x2  Code  Lc  FreeRTOS_TCP_IP.o [8]
vCastConstPointerTo_ProtocolPacket_t
                         0x800'345f       0x2  Code  Lc  FreeRTOS_IP.o [8]
vCastConstPointerTo_TCPPacket_t
                         0x800'0247       0x2  Code  Lc  FreeRTOS_TCP_IP.o [8]
vCastConstPointerTo_UDPPacket_t
                         0x800'345d       0x2  Code  Lc  FreeRTOS_IP.o [8]
vCastConstPointerTo_UDPPacket_t
                         0x800'849b       0x2  Code  Lc  FreeRTOS_UDP_IP.o [8]
vCastPointerTo_ARPPacket_t
                         0x800'4ea1       0x2  Code  Lc  FreeRTOS_ARP.o [8]
vCastPointerTo_ARPPacket_t
                         0x800'3455       0x2  Code  Lc  FreeRTOS_IP.o [8]
vCastPointerTo_EthernetHeader_t
                         0x800'3451       0x2  Code  Lc  FreeRTOS_IP.o [8]
vCastPointerTo_FreeRTOS_Socket_t
                         0x800'3461       0x2  Code  Lc  FreeRTOS_IP.o [8]
vCastPointerTo_FreeRTOS_Socket_t
                         0x800'59d7       0x2  Code  Lc  FreeRTOS_Sockets.o [8]
vCastPointerTo_FreeRTOS_Socket_t
                         0x800'024d       0x2  Code  Lc  FreeRTOS_TCP_IP.o [8]
vCastPointerTo_ICMPPacket_t
                         0x800'345b       0x2  Code  Lc  FreeRTOS_IP.o [8]
vCastPointerTo_IPPacket_t
                         0x800'3457       0x2  Code  Lc  FreeRTOS_IP.o [8]
vCastPointerTo_NetworkBufferDescriptor_t
                         0x800'3465       0x2  Code  Lc  FreeRTOS_IP.o [8]
vCastPointerTo_NetworkBufferDescriptor_t
                         0x800'59d9       0x2  Code  Lc  FreeRTOS_Sockets.o [8]
vCastPointerTo_ProtocolHeaders_t
                         0x800'0249       0x2  Code  Lc  FreeRTOS_TCP_IP.o [8]
vCastPointerTo_SocketSelect_t
                         0x800'3463       0x2  Code  Lc  FreeRTOS_IP.o [8]
vCastPointerTo_StreamBuffer_t
                         0x800'59db       0x2  Code  Lc  FreeRTOS_Sockets.o [8]
vCastPointerTo_TCPPacket_t
                         0x800'0245       0x2  Code  Lc  FreeRTOS_TCP_IP.o [8]
vCastPointerTo_TCPSegment_t
                         0x800'4381       0x2  Code  Lc  FreeRTOS_TCP_WIN.o [8]
vCastPointerTo_UDPPacket_t
                         0x800'8499       0x2  Code  Lc  FreeRTOS_UDP_IP.o [8]
vEventGroupDelete        0x800'a153      0x4a  Code  Gb  event_groups.o [7]
vIPNetworkUpCalls        0x800'3abd      0x1e  Code  Gb  FreeRTOS_IP.o [8]
vListInitialise          0x800'709d      0x1e  Code  Gb  list.o [7]
vListInitialiseItem      0x800'70bb       0x6  Code  Gb  list.o [7]
vListInsert              0x800'70d9      0x36  Code  Gb  list.o [7]
vListInsertEnd           0x800'70c1      0x18  Code  Gb  list.o [7]
vListInsertFifo          0x800'43c7      0x14  Code  Lc  FreeRTOS_TCP_WIN.o [8]
vListInsertGeneric       0x800'43f5      0x16  Code  Lc  FreeRTOS_TCP_WIN.o [8]
vNetworkSocketsInit      0x800'5a13      0x14  Code  Gb  FreeRTOS_Sockets.o [8]
vPortEnableVFP           0x800'a291            Code  Gb  portasm.o [7]
vPortEnterCritical       0x800'72e5      0x3a  Code  Gb  port.o [7]
vPortExitCritical        0x800'731f      0x32  Code  Gb  port.o [7]
vPortFree                0x800'6f25      0x84  Code  Gb  heap_4.o [7]
vPortSetupTimerInterrupt
                         0x800'a1c5      0x38  Code  Gb  port.o [7]
vPortStartFirstTask      0x800'a271            Code  Gb  portasm.o [7]
vPortValidateInterruptPriority
                         0x800'7379      0x4e  Code  Gb  port.o [7]
vProcessGeneratedUDPPacket
                         0x800'849d     0x138  Code  Gb  FreeRTOS_UDP_IP.o [8]
vQueueAddToRegistry      0x800'83f7      0x26  Code  Gb  queue.o [7]
vQueueDelete             0x800'8233      0x30  Code  Gb  queue.o [7]
vQueueUnregisterQueue    0x800'841d      0x2c  Code  Gb  queue.o [7]
vQueueWaitForMessageRestricted
                         0x800'844d      0x4c  Code  Gb  queue.o [7]
vReleaseNetworkBuffer    0x800'3333      0x12  Code  Gb  BufferAllocation_2.o [8]
vReleaseNetworkBufferAndDescriptor
                         0x800'33f7      0x44  Code  Gb  BufferAllocation_2.o [8]
vReturnEthernetFrame     0x800'4227      0x52  Code  Gb  FreeRTOS_IP.o [8]
vSetMultiCastIPv4MacAddress
                         0x800'3b95      0x38  Code  Gb  FreeRTOS_IP.o [8]
vSocketBind              0x800'5eb3      0xce  Code  Gb  FreeRTOS_Sockets.o [8]
vSocketClose             0x800'5fb1      0x88  Code  Gb  FreeRTOS_Sockets.o [8]
vSocketSelect            0x800'6c63     0x18a  Code  Gb  FreeRTOS_Sockets.o [8]
vSocketWakeUpUser        0x800'6421      0x46  Code  Gb  FreeRTOS_Sockets.o [8]
vStreamBufferClear       0x800'5933      0x12  Code  Lc  FreeRTOS_Sockets.o [8]
vStreamBufferMoveMid     0x800'0217      0x2c  Code  Lc  FreeRTOS_TCP_IP.o [8]
vTCPStateChange          0x800'0bcf     0x13c  Code  Gb  FreeRTOS_TCP_IP.o [8]
vTCPTimerSet             0x800'43db       0xc  Code  Lc  FreeRTOS_TCP_WIN.o [8]
vTCPWindowCreate         0x800'4669      0x66  Code  Gb  FreeRTOS_TCP_WIN.o [8]
vTCPWindowDestroy        0x800'4627      0x42  Code  Gb  FreeRTOS_TCP_WIN.o [8]
vTCPWindowFree           0x800'45ed      0x3a  Code  Lc  FreeRTOS_TCP_WIN.o [8]
vTCPWindowInit           0x800'46cf      0x58  Code  Gb  FreeRTOS_TCP_WIN.o [8]
vTaskDelay               0x800'2377      0x4e  Code  Gb  tasks.o [7]
vTaskDelete              0x800'22bd      0xba  Code  Gb  tasks.o [7]
vTaskGetInfo             0x800'2c1d      0x9a  Code  Gb  tasks.o [7]
vTaskInternalSetTimeOutState
                         0x800'2a9b      0x12  Code  Gb  tasks.o [7]
vTaskMissedYield         0x800'2b47       0xa  Code  Gb  tasks.o [7]
vTaskPlaceOnEventList    0x800'2871      0x34  Code  Gb  tasks.o [7]
vTaskPlaceOnEventListRestricted
                         0x800'2903      0x40  Code  Gb  tasks.o [7]
vTaskPlaceOnUnorderedEventList
                         0x800'28a9      0x5a  Code  Gb  tasks.o [7]
vTaskPriorityDisinheritAfterTimeout
                         0x800'2f21      0xce  Code  Gb  tasks.o [7]
vTaskRemoveFromUnorderedEventList
                         0x800'29e1      0x88  Code  Gb  tasks.o [7]
vTaskSetTimeOutState     0x800'2a69      0x32  Code  Gb  tasks.o [7]
vTaskStartScheduler      0x800'2451      0x9e  Code  Gb  tasks.o [7]
vTaskSuspendAll          0x800'24ef      0x10  Code  Gb  tasks.o [7]
vTaskSwitchContext       0x800'27f5      0x74  Code  Gb  tasks.o [7]
voltage                 0x2000'0020       0x4  Data  Lc  monitor.o [2]
webpage_bottom_no_btn   0x2000'0194       0x4  Data  Lc  webserver.o [2]
webpage_top             0x2000'0190       0x4  Data  Lc  webserver.o [2]
webserverHandleTaskToNotify
                        0x2001'db68       0x4  Data  Gb  webserver.o [2]
webserverHandleTask_attributes
                         0x801'2688      0x24  Data  Gb  webserver.o [2]
webserverListenTaskToNotify
                        0x2001'db64       0x4  Data  Gb  webserver.o [2]
webserverListenTask_attributes
                         0x801'2664      0x24  Data  Gb  webserver.o [2]
webserver_204            0x800'90b7      0x48  Code  Lc  webserver.o [2]
webserver_204::httpCode204
                        0x2000'019c       0x4  Data  Lc  webserver.o [2]
webserver_400            0x800'90ff      0x48  Code  Lc  webserver.o [2]
webserver_400::httpCode400
                        0x2000'01a0       0x4  Data  Lc  webserver.o [2]
webserver_handle         0x800'89e5     0x3e0  Code  Lc  webserver.o [2]
webserver_handle::eelse
                        0x2001'db94       0x2  Data  Lc  webserver.o [2]
webserver_handle::eintr
                        0x2001'db90       0x2  Data  Lc  webserver.o [2]
webserver_handle::einval
                        0x2001'db92       0x2  Data  Lc  webserver.o [2]
webserver_handle::enomem
                        0x2001'db8c       0x2  Data  Lc  webserver.o [2]
webserver_handle::enotconn
                        0x2001'db8e       0x2  Data  Lc  webserver.o [2]
webserver_handle::etimeout
                        0x2001'db8a       0x2  Data  Lc  webserver.o [2]
webserver_handle::serverInstanceMallocError
                        0x2001'db9b       0x1  Data  Lc  webserver.o [2]
webserver_handle::uriTooLongError
                        0x2001'db96       0x2  Data  Lc  webserver.o [2]
webserver_homepage       0x800'8dc5     0x2f2  Code  Lc  webserver.o [2]
webserver_homepage::webpage_panelcontrollerMonitor
                        0x2000'0198       0x4  Data  Lc  webserver.o [2]
webserver_init           0x800'8925      0x18  Code  Gb  webserver.o [2]
webserver_lastPacket     0x800'9147      0x1c  Code  Lc  webserver.o [2]
webserver_listen         0x800'893d      0xa8  Code  Lc  webserver.o [2]
xARPCache               0x2001'd794      0x48  Data  Lc  FreeRTOS_ARP.o [8]
xARPTimer               0x2001'd94c      0x14  Data  Lc  FreeRTOS_IP.o [8]
xActiveTimerList1       0x2001'da14      0x14  Data  Lc  timers.o [7]
xActiveTimerList2       0x2001'da28      0x14  Data  Lc  timers.o [7]
xApplicationGetRandomNumber
                         0x800'54af       0xe  Code  Gb  tcp.o [2]
xBlockAllocatedBit      0x2001'dad4       0x4  Data  Lc  heap_4.o [7]
xBoundTCPSocketsList    0x2001'd988      0x14  Data  Gb  FreeRTOS_Sockets.o [8]
xBoundUDPSocketsList    0x2001'd974      0x14  Data  Gb  FreeRTOS_Sockets.o [8]
xBroadcastMACAddress     0x801'2868       0x8  Data  Gb  FreeRTOS_IP.o [8]
xBufferAllocFixedSize    0x801'28f0       0x4  Data  Gb  BufferAllocation_2.o [8]
xDefaultAddressing      0x2001'd938      0x14  Data  Gb  FreeRTOS_IP.o [8]
xDefaultPartUDPPacketHeader
                        0x2000'0004      0x18  Data  Gb  FreeRTOS_UDP_IP.o [8]
xDelayedTaskList1       0x2001'd9b0      0x14  Data  Lc  tasks.o [7]
xDelayedTaskList2       0x2001'd9c4      0x14  Data  Lc  tasks.o [7]
xEventGroupClearBits     0x800'a037      0x46  Code  Gb  event_groups.o [7]
xEventGroupCreate        0x800'9ecd      0x20  Code  Gb  event_groups.o [7]
xEventGroupSetBits       0x800'a07d      0xd6  Code  Gb  event_groups.o [7]
xEventGroupWaitBits      0x800'9eed     0x14a  Code  Gb  event_groups.o [7]
xFreeBuffersList        0x2001'd910      0x14  Data  Lc  BufferAllocation_2.o [8]
xFreeBytesRemaining     0x2001'dac4       0x4  Data  Lc  heap_4.o [7]
xHeapStructSize          0x801'28f4       0x4  Data  Lc  heap_4.o [7]
xIPIsNetworkTaskReady    0x800'427d       0x6  Code  Gb  FreeRTOS_IP.o [8]
xIPTaskHandle           0x2001'daa0       0x4  Data  Lc  FreeRTOS_IP.o [8]
xIPTaskInitialised      0x2001'daac       0x4  Data  Lc  FreeRTOS_IP.o [8]
xIdleTaskHandle         0x2001'db20       0x4  Data  Lc  tasks.o [7]
xIsCallingFromIPTask     0x800'35c9      0x18  Code  Gb  FreeRTOS_IP.o [8]
xIsIPv4Multicast         0x800'3b67      0x2e  Code  Gb  FreeRTOS_IP.o [8]
xLastGratuitousARPTime  0x2001'da94       0x4  Data  Lc  FreeRTOS_ARP.o [8]
xMinimumEverFreeBytesRemaining
                        0x2001'dac8       0x4  Data  Lc  heap_4.o [7]
xNetworkAddressing      0x2001'd924      0x14  Data  Gb  FreeRTOS_IP.o [8]
xNetworkBufferDescriptors
                        0x2001'd394     0x1e0  Data  Lc  BufferAllocation_2.o [8]
xNetworkBufferSemaphore
                        0x2001'da74       0x4  Data  Lc  BufferAllocation_2.o [8]
xNetworkBuffersInitialise
                         0x800'3289      0xaa  Code  Gb  BufferAllocation_2.o [8]
xNetworkDownEventPending
                        0x2001'da9c       0x4  Data  Lc  FreeRTOS_IP.o [8]
xNetworkEventQueue      0x2001'da98       0x4  Data  Gb  FreeRTOS_IP.o [8]
xNetworkInterfaceInitialise
                         0x800'434f       0x4  Code  Gb  NetworkInterface.o [8]
xNetworkInterfaceOutput
                         0x800'4353      0x1e  Code  Gb  NetworkInterface.o [8]
xNetworkUp              0x2001'daa8       0x4  Data  Lc  FreeRTOS_IP.o [8]
xNextTaskUnblockTime    0x2001'db1c       0x4  Data  Lc  tasks.o [7]
xNumOfOverflows         0x2001'db14       0x4  Data  Lc  tasks.o [7]
xNumberOfSuccessfulAllocations
                        0x2001'dacc       0x4  Data  Lc  heap_4.o [7]
xNumberOfSuccessfulFrees
                        0x2001'dad0       0x4  Data  Lc  heap_4.o [7]
xPendedTicks            0x2001'db0c       0x4  Data  Lc  tasks.o [7]
xPendingReadyList       0x2001'd9d8      0x14  Data  Lc  tasks.o [7]
xPortGetFreeHeapSize     0x800'6fa9       0x6  Code  Gb  heap_4.o [7]
xPortStartScheduler      0x800'71ff      0xe6  Code  Gb  port.o [7]
xPortSysTickHandler      0x800'7351      0x28  Code  Gb  port.o [7]
xProcessReceivedTCPPacket
                         0x800'1b09     0x2ca  Code  Gb  FreeRTOS_TCP_IP.o [8]
xProcessReceivedUDPPacket
                         0x800'85d9      0xa2  Code  Gb  FreeRTOS_UDP_IP.o [8]
xProcessedTCPMessage    0x2001'daa4       0x4  Data  Lc  FreeRTOS_IP.o [8]
xQueueCreateCountingSemaphore
                         0x800'7c33      0x40  Code  Gb  queue.o [7]
xQueueGenericCreate      0x800'7bab      0x52  Code  Gb  queue.o [7]
xQueueGenericCreateStatic
                         0x800'7ae9      0xc2  Code  Gb  queue.o [7]
xQueueGenericReset       0x800'7a51      0x98  Code  Gb  queue.o [7]
xQueueGenericSend        0x800'7c73     0x1a6  Code  Gb  queue.o [7]
xQueueGenericSendFromISR
                         0x800'7e19      0xe4  Code  Gb  queue.o [7]
xQueueReceive            0x800'7efd     0x16a  Code  Gb  queue.o [7]
xQueueRegistry          0x2001'd8b4      0x40  Data  Gb  queue.o [7]
xQueueSemaphoreTake      0x800'8067     0x1a2  Code  Gb  queue.o [7]
xReceiveTimeOut         0x2000'0184       0x4  Data  Lc  webserver.o [2]
xSchedulerRunning       0x2001'db08       0x4  Data  Lc  tasks.o [7]
xSegmentList            0x2001'd99c      0x14  Data  Lc  FreeRTOS_TCP_WIN.o [8]
xSendEventStructToIPTask
                         0x800'399d      0x78  Code  Gb  FreeRTOS_IP.o [8]
xSendEventToIPTask       0x800'3985      0x18  Code  Gb  FreeRTOS_IP.o [8]
xSendTimeOut            0x2000'0188       0x4  Data  Lc  webserver.o [2]
xSequenceGreaterThan     0x800'43a5      0x12  Code  Lc  FreeRTOS_TCP_WIN.o [8]
xSequenceGreaterThanOrEqual
                         0x800'43b7      0x10  Code  Lc  FreeRTOS_TCP_WIN.o [8]
xSequenceLessThan        0x800'4393      0x12  Code  Lc  FreeRTOS_TCP_WIN.o [8]
xSequenceLessThanOrEqual
                         0x800'4383      0x10  Code  Lc  FreeRTOS_TCP_WIN.o [8]
xStart                  0x2001'da58       0x8  Data  Lc  heap_4.o [7]
xStreamBufferLessThenEqual
                         0x800'574d      0x3a  Code  Lc  FreeRTOS_Stream_Buffer.o [8]
xSuspendedTaskList      0x2001'da00      0x14  Data  Lc  tasks.o [7]
xTCPCheckNewClient       0x800'1f99      0x5c  Code  Gb  FreeRTOS_TCP_IP.o [8]
xTCPSegments            0x2001'dab8       0x4  Data  Lc  FreeRTOS_TCP_WIN.o [8]
xTCPSocketCheck          0x800'02e5      0x98  Code  Gb  FreeRTOS_TCP_IP.o [8]
xTCPTimer               0x2001'd960      0x14  Data  Lc  FreeRTOS_IP.o [8]
xTCPTimerCheck           0x800'69b3      0xa8  Code  Gb  FreeRTOS_Sockets.o [8]
xTCPTimerCheck::xLastTime
                        0x2001'dab4       0x4  Data  Lc  FreeRTOS_Sockets.o [8]
xTCPWindowGetHead        0x800'45af      0x24  Code  Lc  FreeRTOS_TCP_WIN.o [8]
xTCPWindowLoggingLevel  0x2001'dabc       0x4  Data  Gb  FreeRTOS_TCP_WIN.o [8]
xTCPWindowNew            0x800'44e5      0xa6  Code  Lc  FreeRTOS_TCP_WIN.o [8]
xTCPWindowPeekHead       0x800'45d3      0x1a  Code  Lc  FreeRTOS_TCP_WIN.o [8]
xTCPWindowRxConfirm      0x800'4727      0x6c  Code  Lc  FreeRTOS_TCP_WIN.o [8]
xTCPWindowRxEmpty        0x800'458b      0x24  Code  Gb  FreeRTOS_TCP_WIN.o [8]
xTCPWindowRxFind         0x800'44b1      0x34  Code  Lc  FreeRTOS_TCP_WIN.o [8]
xTCPWindowTxDone         0x800'4a21      0x10  Code  Gb  FreeRTOS_TCP_WIN.o [8]
xTCPWindowTxHasData      0x800'4a8f      0x88  Code  Gb  FreeRTOS_TCP_WIN.o [8]
xTaskCheckForTimeOut     0x800'2ab9      0x8e  Code  Gb  tasks.o [7]
xTaskCreate              0x800'20a3      0x72  Code  Gb  tasks.o [7]
xTaskCreateStatic        0x800'2009      0x9a  Code  Gb  tasks.o [7]
xTaskGenericNotify       0x800'30bd     0x11c  Code  Gb  tasks.o [7]
xTaskGetCurrentTaskHandle
                         0x800'2db1       0x8  Code  Gb  tasks.o [7]
xTaskGetSchedulerState   0x800'2db9      0x20  Code  Gb  tasks.o [7]
xTaskGetTickCount        0x800'25fb       0x8  Code  Gb  tasks.o [7]
xTaskIncrementTick       0x800'26bd     0x128  Code  Gb  tasks.o [7]
xTaskPriorityDisinherit
                         0x800'2e8d      0x92  Code  Gb  tasks.o [7]
xTaskPriorityInherit     0x800'2dd9      0xa2  Code  Gb  tasks.o [7]
xTaskRemoveFromEventList
                         0x800'2951      0x88  Code  Gb  tasks.o [7]
xTaskResumeAll           0x800'24ff      0xfc  Code  Gb  tasks.o [7]
xTasksWaitingTermination
                        0x2001'd9ec      0x14  Data  Lc  tasks.o [7]
xTickCount              0x2001'db00       0x4  Data  Lc  tasks.o [7]
xTimerCreateTimerTask    0x800'7411      0x70  Code  Gb  timers.o [7]
xTimerGenericCommand     0x800'7481      0x88  Code  Gb  timers.o [7]
xTimerQueue             0x2001'db40       0x4  Data  Lc  timers.o [7]
xTimerTaskHandle        0x2001'db44       0x4  Data  Lc  timers.o [7]
xTrueValue              0x2000'018c       0x4  Data  Lc  webserver.o [2]
xYieldPending           0x2001'db10       0x4  Data  Lc  tasks.o [7]


[1] = D:\GitHub\STM32_HAL_RNDIS\EWARM\ITAT_RNDIS\Obj\Application\EWARM
[2] = D:\GitHub\STM32_HAL_RNDIS\EWARM\ITAT_RNDIS\Obj\Application\User\Core
[3] = D:\GitHub\STM32_HAL_RNDIS\EWARM\ITAT_RNDIS\Obj\Application\User\USB_DEVICE\App
[4] = D:\GitHub\STM32_HAL_RNDIS\EWARM\ITAT_RNDIS\Obj\Application\User\USB_DEVICE\Target
[5] = D:\GitHub\STM32_HAL_RNDIS\EWARM\ITAT_RNDIS\Obj\Drivers\CMSIS
[6] = D:\GitHub\STM32_HAL_RNDIS\EWARM\ITAT_RNDIS\Obj\Drivers\STM32F4xx_HAL_Driver
[7] = D:\GitHub\STM32_HAL_RNDIS\EWARM\ITAT_RNDIS\Obj\Middlewares\FreeRTOS
[8] = D:\GitHub\STM32_HAL_RNDIS\EWARM\ITAT_RNDIS\Obj\Middlewares\FreeRTOS_TCP
[9] = D:\GitHub\STM32_HAL_RNDIS\EWARM\ITAT_RNDIS\Obj\Middlewares\PRINTF
[10] = D:\GitHub\STM32_HAL_RNDIS\EWARM\ITAT_RNDIS\Obj\Middlewares\RNDIS
[11] = D:\GitHub\STM32_HAL_RNDIS\EWARM\ITAT_RNDIS\Obj\Middlewares\USB_Device_Library
[12] = dl7M_tlf.a
[13] = m7M_tls.a
[14] = rt7M_tl.a
[15] = shb_l.a

   71'574 bytes of readonly  code memory
    5'018 bytes of readonly  data memory
  122'779 bytes of readwrite data memory

Errors: none
Warnings: none
